Archive member included because of file (symbol)

build/components/finsh/libfinsh.a(cmd.o)
                              build/src/scheduler.o (list_thread)
build/components/finsh/libfinsh.a(finsh_var.o)
                              build/components/finsh/libfinsh.a(cmd.o) (global_sysvar_list)
build/components/finsh/libfinsh.a(finsh_vm.o)
                              build/components/finsh/libfinsh.a(cmd.o) (global_syscall_list)
build/components/finsh/libfinsh.a(shell.o)
                              build/bsp/startup.o (finsh_set_device)
build/components/finsh/libfinsh.a(symbol.o)
                              build/components/finsh/libfinsh.a(cmd.o) (_syscall_table_begin)
build/components/finsh/libfinsh.a(finsh_compiler.o)
                              build/components/finsh/libfinsh.a(shell.o) (finsh_compiler_run)
build/components/finsh/libfinsh.a(finsh_error.o)
                              build/components/finsh/libfinsh.a(finsh_compiler.o) (finsh_error_set)
build/components/finsh/libfinsh.a(finsh_init.o)
                              build/components/finsh/libfinsh.a(shell.o) (finsh_init)
build/components/finsh/libfinsh.a(finsh_node.o)
                              build/components/finsh/libfinsh.a(finsh_init.o) (finsh_node_init)
build/components/finsh/libfinsh.a(finsh_ops.o)
                              build/components/finsh/libfinsh.a(finsh_vm.o) (op_table)
build/components/finsh/libfinsh.a(finsh_parser.o)
                              build/components/finsh/libfinsh.a(shell.o) (finsh_parser_run)
build/components/finsh/libfinsh.a(finsh_token.o)
                              build/components/finsh/libfinsh.a(finsh_parser.o) (finsh_token_init)
build/components/finsh/libfinsh.a(finsh_heap.o)
                              build/components/finsh/libfinsh.a(finsh_init.o) (finsh_heap_init)
/home/grissiom/x-tools/arm-bare_newlib_cortex_m3_nommu-eabi/lib/gcc/arm-bare_newlib_cortex_m3_nommu-eabi/4.4.6/libgcc.a(_arm_addsubdf3.o)
                              build/components/libc/minilibc/math.o (__aeabi_dadd)
/home/grissiom/x-tools/arm-bare_newlib_cortex_m3_nommu-eabi/lib/gcc/arm-bare_newlib_cortex_m3_nommu-eabi/4.4.6/libgcc.a(_arm_muldivdf3.o)
                              build/components/libc/minilibc/math.o (__aeabi_dmul)
/home/grissiom/x-tools/arm-bare_newlib_cortex_m3_nommu-eabi/lib/gcc/arm-bare_newlib_cortex_m3_nommu-eabi/4.4.6/libgcc.a(_arm_fixdfsi.o)
                              build/components/libc/minilibc/math.o (__aeabi_d2iz)

Allocating common symbols
Common symbol       size              file

rt_interrupt_to_thread
                    0x4               build/libcpu/arm/cortex-m3/cpuport.o
rt_interrupt_from_thread
                    0x4               build/libcpu/arm/cortex-m3/cpuport.o
global_sysvar_list  0x4               build/components/finsh/libfinsh.a(finsh_var.o)
finsh_heap          0x80              build/components/finsh/libfinsh.a(finsh_heap.o)
shell               0x4               build/components/finsh/libfinsh.a(shell.o)
rt_thread_switch_interrupt_flag
                    0x4               build/libcpu/arm/cortex-m3/cpuport.o
text_segment        0x80              build/components/finsh/libfinsh.a(finsh_vm.o)
finsh_compile_pc    0x4               build/components/finsh/libfinsh.a(finsh_compiler.o)
finsh_vm_stack      0x100             build/components/finsh/libfinsh.a(finsh_vm.o)
global_errno        0x1               build/components/finsh/libfinsh.a(finsh_error.o)
rt_thread_priority_table
                    0x100             build/src/scheduler.o
rt_object_put_hook  0x4               build/src/object.o
rt_current_priority
                    0x1               build/src/scheduler.o
rt_interrupt_nest   0x1               build/src/irq.o
rt_object_take_hook
                    0x4               build/src/object.o
rt_current_thread   0x4               build/src/scheduler.o
rt_thread_ready_priority_group
                    0x4               build/src/scheduler.o
rt_thread_defunct   0x8               build/src/scheduler.o
global_node_table   0x140             build/components/finsh/libfinsh.a(finsh_node.o)
finsh_compile_sp    0x4               build/components/finsh/libfinsh.a(finsh_compiler.o)
uart1_int_rx        0x48              build/bsp/usart.o
finsh_pc            0x4               build/components/finsh/libfinsh.a(finsh_vm.o)
rt_object_trytake_hook
                    0x4               build/src/object.o
uart1_device        0x40              build/bsp/usart.o
finsh_sp            0x4               build/components/finsh/libfinsh.a(finsh_vm.o)
global_variable     0xc0              build/components/finsh/libfinsh.a(finsh_var.o)

Discarded input sections

 .text          0x0000000000000000        0x0 build/bsp/application.o
 .data          0x0000000000000000        0x0 build/bsp/application.o
 .bss           0x0000000000000000        0x0 build/bsp/application.o
 .text          0x0000000000000000        0x0 build/bsp/startup.o
[...]
Memory Configuration

Name             Origin             Length             Attributes
CODE             0x0000000008000000 0x0000000000080000 xr
DATA             0x0000000020000000 0x0000000000010000 rw
*default*        0x0000000000000000 0xffffffffffffffff

Linker script and memory map

LOAD build/bsp/application.o
LOAD build/bsp/startup.o
LOAD build/bsp/board.o
LOAD build/bsp/stm32f10x_it.o
LOAD build/bsp/rtc.o
LOAD build/bsp/usart.o
LOAD build/bsp/serial.o
LOAD build/bsp/led.o
LOAD build/src/device.o
LOAD build/src/thread.o
LOAD build/src/scheduler.o
LOAD build/src/timer.o
LOAD build/src/irq.o
LOAD build/src/kservice.o
LOAD build/src/clock.o
LOAD build/src/object.o
LOAD build/src/mempool.o
LOAD build/src/ipc.o
LOAD build/src/idle.o
LOAD build/src/mem.o
LOAD build/libcpu/arm/cortex-m3/cpuport.o
LOAD build/libcpu/arm/cortex-m3/context_gcc.o
LOAD build/libcpu/arm/cortex-m3/start_gcc.o
LOAD build/libcpu/arm/common/backtrace.o
LOAD build/libcpu/arm/common/div0.o
LOAD build/libcpu/arm/common/showmem.o
LOAD build/components/finsh/libfinsh.a
LOAD build/components/libc/minilibc/ctype.o
LOAD build/components/libc/minilibc/math.o
LOAD build/components/libc/minilibc/qsort.o
LOAD build/components/libc/minilibc/rand.o
LOAD build/components/libc/minilibc/stdlib.o
LOAD build/components/libc/minilibc/string.o
LOAD build/components/libc/minilibc/time.o
LOAD build/bsp/Libraries/CMSIS/CM3/CoreSupport/core_cm3.o
LOAD build/bsp/Libraries/CMSIS/CM3/DeviceSupport/ST/STM32F10x/system_stm32f10x.o
LOAD build/bsp/Libraries/STM32F10x_StdPeriph_Driver/src/stm32f10x_crc.o
LOAD build/bsp/Libraries/STM32F10x_StdPeriph_Driver/src/stm32f10x_rcc.o
LOAD build/bsp/Libraries/STM32F10x_StdPeriph_Driver/src/stm32f10x_wwdg.o
LOAD build/bsp/Libraries/STM32F10x_StdPeriph_Driver/src/stm32f10x_pwr.o
LOAD build/bsp/Libraries/STM32F10x_StdPeriph_Driver/src/stm32f10x_exti.o
LOAD build/bsp/Libraries/STM32F10x_StdPeriph_Driver/src/stm32f10x_bkp.o
LOAD build/bsp/Libraries/STM32F10x_StdPeriph_Driver/src/stm32f10x_i2c.o
LOAD build/bsp/Libraries/STM32F10x_StdPeriph_Driver/src/stm32f10x_adc.o
LOAD build/bsp/Libraries/STM32F10x_StdPeriph_Driver/src/stm32f10x_dac.o
LOAD build/bsp/Libraries/STM32F10x_StdPeriph_Driver/src/stm32f10x_rtc.o
LOAD build/bsp/Libraries/STM32F10x_StdPeriph_Driver/src/stm32f10x_fsmc.o
LOAD build/bsp/Libraries/STM32F10x_StdPeriph_Driver/src/stm32f10x_tim.o
LOAD build/bsp/Libraries/STM32F10x_StdPeriph_Driver/src/stm32f10x_iwdg.o
LOAD build/bsp/Libraries/STM32F10x_StdPeriph_Driver/src/stm32f10x_spi.o
LOAD build/bsp/Libraries/STM32F10x_StdPeriph_Driver/src/stm32f10x_flash.o
LOAD build/bsp/Libraries/STM32F10x_StdPeriph_Driver/src/stm32f10x_sdio.o
LOAD build/bsp/Libraries/STM32F10x_StdPeriph_Driver/src/stm32f10x_gpio.o
LOAD build/bsp/Libraries/STM32F10x_StdPeriph_Driver/src/stm32f10x_usart.o
LOAD build/bsp/Libraries/STM32F10x_StdPeriph_Driver/src/stm32f10x_dbgmcu.o
LOAD build/bsp/Libraries/STM32F10x_StdPeriph_Driver/src/stm32f10x_dma.o
LOAD build/bsp/Libraries/STM32F10x_StdPeriph_Driver/src/stm32f10x_can.o
LOAD build/bsp/Libraries/STM32F10x_StdPeriph_Driver/src/stm32f10x_cec.o
LOAD build/bsp/Libraries/STM32F10x_StdPeriph_Driver/src/misc.o
LOAD build/bsp/Libraries/CMSIS/CM3/DeviceSupport/ST/STM32F10x/startup/gcc_ride7/startup_stm32f10x_hd.o
START GROUP
LOAD /home/grissiom/x-tools/arm-bare_newlib_cortex_m3_nommu-eabi/lib/gcc/arm-bare_newlib_cortex_m3_nommu-eabi/4.4.6/libgcc.a
LOAD /home/grissiom/x-tools/arm-bare_newlib_cortex_m3_nommu-eabi/lib/gcc/arm-bare_newlib_cortex_m3_nommu-eabi/4.4.6/../../../../arm-bare_newlib_cortex_m3_nommu-eabi/lib/libc.a
END GROUP
                0x0000000000000100                _system_stack_size = 0x100

.text           0x0000000008000000    0x1126c
                0x0000000008000000                . = ALIGN (0x4)
 *(.isr_vector)
 .isr_vector    0x0000000008000000      0x1e4 build/bsp/Libraries/CMSIS/CM3/DeviceSupport/ST/STM32F10x/startup/gcc_ride7/startup_stm32f10x_hd.o
                0x0000000008000000                g_pfnVectors
                0x00000000080001e4                . = ALIGN (0x4)
 *(.text)
 .text          0x00000000080001e4       0xcc build/libcpu/arm/cortex-m3/context_gcc.o
                0x00000000080001e4                rt_hw_interrupt_disable
                0x00000000080001ec                rt_hw_interrupt_enable
                0x00000000080001f2                rt_hw_context_switch_interrupt
                0x00000000080001f2                rt_hw_context_switch
                0x0000000008000210                PendSV_Handler
                0x000000000800024c                rt_hw_context_switch_to
                0x0000000008000276                rt_hw_interrupt_thread_switch
                0x000000000800027a                HardFault_Handler
                0x000000000800028e                rt_hw_interrupt_check
 *(.text.*)
 .text.led_thread_entry
                0x00000000080002b0       0x3c build/bsp/application.o
 .text.rt_init_thread_entry
                0x00000000080002ec       0x14 build/bsp/application.o
                0x00000000080002ec                rt_init_thread_entry
 .text.rt_application_init
                0x0000000008000300       0xa0 build/bsp/application.o
                0x0000000008000300                rt_application_init
 .text.assert_failed
                0x00000000080003a0       0x34 build/bsp/startup.o
                0x00000000080003a0                assert_failed
 .text.rtthread_startup
                0x00000000080003d4       0x5c build/bsp/startup.o
                0x00000000080003d4                rtthread_startup
 .text.main     0x0000000008000430       0x18 build/bsp/startup.o
                0x0000000008000430                main
 .text.NVIC_SetPriority
                0x0000000008000448       0x5c build/bsp/board.o
 .text.SysTick_Config
                0x00000000080004a4       0x64 build/bsp/board.o
 .text.NVIC_Configuration
                0x0000000008000508       0x14 build/bsp/board.o
                0x0000000008000508                NVIC_Configuration
 .text.rt_hw_timer_handler
                0x000000000800051c       0x14 build/bsp/board.o
                0x000000000800051c                rt_hw_timer_handler
 .text.rt_hw_board_init
                0x0000000008000530       0x3c build/bsp/board.o
                0x0000000008000530                rt_hw_board_init
 .text.NMI_Handler
                0x000000000800056c        0xc build/bsp/stm32f10x_it.o
                0x000000000800056c                NMI_Handler
 .text.MemManage_Handler
                0x0000000008000578        0x8 build/bsp/stm32f10x_it.o
                0x0000000008000578                MemManage_Handler
 .text.BusFault_Handler
                0x0000000008000580        0x8 build/bsp/stm32f10x_it.o
                0x0000000008000580                BusFault_Handler
 .text.UsageFault_Handler
                0x0000000008000588        0x8 build/bsp/stm32f10x_it.o
                0x0000000008000588                UsageFault_Handler
 .text.SVC_Handler
                0x0000000008000590        0xc build/bsp/stm32f10x_it.o
                0x0000000008000590                SVC_Handler
 .text.DebugMon_Handler
                0x000000000800059c        0xc build/bsp/stm32f10x_it.o
                0x000000000800059c                DebugMon_Handler
 .text.SysTick_Handler
                0x00000000080005a8        0xc build/bsp/stm32f10x_it.o
                0x00000000080005a8                SysTick_Handler
 .text.DMA1_Channel2_IRQHandler
                0x00000000080005b4        0xc build/bsp/stm32f10x_it.o
                0x00000000080005b4                DMA1_Channel2_IRQHandler
 .text.USART1_IRQHandler
                0x00000000080005c0       0x1c build/bsp/stm32f10x_it.o
                0x00000000080005c0                USART1_IRQHandler
 .text.USART2_IRQHandler
                0x00000000080005dc        0xc build/bsp/stm32f10x_it.o
                0x00000000080005dc                USART2_IRQHandler
 .text.USART3_IRQHandler
                0x00000000080005e8        0xc build/bsp/stm32f10x_it.o
                0x00000000080005e8                USART3_IRQHandler
 .text.rt_rtc_open
                0x00000000080005f4       0x1c build/bsp/rtc.o
 .text.rt_rtc_read
                0x0000000008000610       0x20 build/bsp/rtc.o
 .text.rt_rtc_control
                0x0000000008000630       0xa4 build/bsp/rtc.o
 .text.RTC_Configuration
                0x00000000080006d4       0x88 build/bsp/rtc.o
                0x00000000080006d4                RTC_Configuration
 .text.rt_hw_rtc_init
                0x000000000800075c       0xe8 build/bsp/rtc.o
                0x000000000800075c                rt_hw_rtc_init
 .text.time     0x0000000008000844       0x48 build/bsp/rtc.o
                0x0000000008000844                time
 .text.set_date
                0x000000000800088c       0x8c build/bsp/rtc.o
                0x000000000800088c                set_date
 .text.set_time
                0x0000000008000918       0x7c build/bsp/rtc.o
                0x0000000008000918                set_time
 .text.list_date
                0x0000000008000994       0x34 build/bsp/rtc.o
                0x0000000008000994                list_date
 .text.RCC_Configuration
                0x00000000080009c8       0x20 build/bsp/usart.o
 .text.GPIO_Configuration
                0x00000000080009e8       0x50 build/bsp/usart.o
 .text.NVIC_Configuration
                0x0000000008000a38       0x30 build/bsp/usart.o
 .text.DMA_Configuration
                0x0000000008000a68        0xc build/bsp/usart.o
 .text.rt_hw_usart_init
                0x0000000008000a74       0xb0 build/bsp/usart.o
                0x0000000008000a74                rt_hw_usart_init
 .text.rt_serial_init
                0x0000000008000b24       0xf8 build/bsp/serial.o
 .text.rt_serial_open
                0x0000000008000c1c       0x1c build/bsp/serial.o
 .text.rt_serial_close
                0x0000000008000c38       0x18 build/bsp/serial.o
 .text.rt_serial_read
                0x0000000008000c50       0xf8 build/bsp/serial.o
 .text.rt_serial_enable_dma
                0x0000000008000d48       0x68 build/bsp/serial.o
 .text.rt_serial_write
                0x0000000008000db0      0x1b4 build/bsp/serial.o
 .text.rt_serial_control
                0x0000000008000f64       0xa4 build/bsp/serial.o
 .text.rt_hw_serial_register
                0x0000000008001008      0x10c build/bsp/serial.o
                0x0000000008001008                rt_hw_serial_register
 .text.rt_hw_serial_isr
                0x0000000008001114      0x16c build/bsp/serial.o
                0x0000000008001114                rt_hw_serial_isr
 .text.rt_hw_led_init
                0x0000000008001280       0x58 build/bsp/led.o
                0x0000000008001280                rt_hw_led_init
 .text.rt_hw_led_on
                0x00000000080012d8       0x40 build/bsp/led.o
                0x00000000080012d8                rt_hw_led_on
 .text.rt_hw_led_off
                0x0000000008001318       0x40 build/bsp/led.o
                0x0000000008001318                rt_hw_led_off
 .text.led      0x0000000008001358       0x7c build/bsp/led.o
                0x0000000008001358                led
 .text.rt_device_register
                0x00000000080013d4       0x3c build/src/device.o
                0x00000000080013d4                rt_device_register
 .text.rt_device_init_all
                0x0000000008001410       0x88 build/src/device.o
                0x0000000008001410                rt_device_init_all
 .text.rt_device_find
                0x0000000008001498       0x84 build/src/device.o
                0x0000000008001498                rt_device_find
 .text.rt_device_open
                0x000000000800151c       0xf0 build/src/device.o
                0x000000000800151c                rt_device_open
 .text.rt_device_close
                0x000000000800160c       0x7c build/src/device.o
                0x000000000800160c                rt_device_close
 .text.rt_device_read
                0x0000000008001688       0x78 build/src/device.o
                0x0000000008001688                rt_device_read
 .text.rt_device_write
                0x0000000008001700       0x78 build/src/device.o
                0x0000000008001700                rt_device_write
 .text.rt_device_control
                0x0000000008001778       0x6c build/src/device.o
                0x0000000008001778                rt_device_control
 .text.rt_device_set_rx_indicate
                0x00000000080017e4       0x54 build/src/device.o
                0x00000000080017e4                rt_device_set_rx_indicate
 .text.rt_list_init
                0x0000000008001838       0x20 build/src/thread.o
 .text.rt_list_insert_after
                0x0000000008001858       0x30 build/src/thread.o
 .text.rt_list_insert_before
                0x0000000008001888       0x30 build/src/thread.o
 .text.rt_list_remove
                0x00000000080018b8       0x34 build/src/thread.o
 .text._rt_thread_init
                0x00000000080018ec      0x124 build/src/thread.o
 .text.rt_thread_init
                0x0000000008001a10       0xb0 build/src/thread.o
                0x0000000008001a10                rt_thread_init
 .text.rt_thread_create
                0x0000000008001ac0       0x70 build/src/thread.o
                0x0000000008001ac0                rt_thread_create
 .text.rt_thread_self
                0x0000000008001b30       0x18 build/src/thread.o
                0x0000000008001b30                rt_thread_self
 .text.rt_thread_startup
                0x0000000008001b48       0xc0 build/src/thread.o
                0x0000000008001b48                rt_thread_startup
 .text.rt_thread_exit
                0x0000000008001c08       0x88 build/src/thread.o
 .text.rt_thread_yield
                0x0000000008001c90       0x84 build/src/thread.o
                0x0000000008001c90                rt_thread_yield
 .text.rt_thread_sleep
                0x0000000008001d14       0xa4 build/src/thread.o
                0x0000000008001d14                rt_thread_sleep
 .text.rt_thread_delay
                0x0000000008001db8       0x1c build/src/thread.o
                0x0000000008001db8                rt_thread_delay
 .text.rt_thread_suspend
                0x0000000008001dd4       0x78 build/src/thread.o
                0x0000000008001dd4                rt_thread_suspend
 .text.rt_thread_resume
                0x0000000008001e4c       0x98 build/src/thread.o
                0x0000000008001e4c                rt_thread_resume
 .text.rt_thread_timeout
                0x0000000008001ee4       0xa0 build/src/thread.o
                0x0000000008001ee4                rt_thread_timeout
 .text.rt_list_init
                0x0000000008001f84       0x20 build/src/scheduler.o
 .text.rt_list_insert_before
                0x0000000008001fa4       0x30 build/src/scheduler.o
 .text.rt_list_remove
                0x0000000008001fd4       0x34 build/src/scheduler.o
 .text.rt_list_isempty
                0x0000000008002008       0x24 build/src/scheduler.o
 .text._rt_scheduler_stack_check
                0x000000000800202c       0xb0 build/src/scheduler.o
 .text.rt_system_scheduler_init
                0x00000000080020dc       0x70 build/src/scheduler.o
                0x00000000080020dc                rt_system_scheduler_init
 .text.rt_system_scheduler_start
                0x000000000800214c       0xe8 build/src/scheduler.o
                0x000000000800214c                rt_system_scheduler_start
 .text.rt_schedule
                0x0000000008002234      0x190 build/src/scheduler.o
                0x0000000008002234                rt_schedule
 .text.rt_schedule_insert_thread
                0x00000000080023c4       0x9c build/src/scheduler.o
                0x00000000080023c4                rt_schedule_insert_thread
 .text.rt_schedule_remove_thread
                0x0000000008002460       0xa0 build/src/scheduler.o
                0x0000000008002460                rt_schedule_remove_thread
 .text.rt_enter_critical
                0x0000000008002500       0x30 build/src/scheduler.o
                0x0000000008002500                rt_enter_critical
 .text.rt_exit_critical
                0x0000000008002530       0x5c build/src/scheduler.o
                0x0000000008002530                rt_exit_critical
 .text.rt_list_init
                0x000000000800258c       0x20 build/src/timer.o
 .text.rt_list_insert_before
                0x00000000080025ac       0x30 build/src/timer.o
 .text.rt_list_remove
                0x00000000080025dc       0x34 build/src/timer.o
 .text.rt_list_isempty
                0x0000000008002610       0x24 build/src/timer.o
 .text._rt_timer_init
                0x0000000008002634       0x50 build/src/timer.o
 .text.rt_timer_init
                0x0000000008002684       0x6c build/src/timer.o
                0x0000000008002684                rt_timer_init
 .text.rt_timer_start
                0x00000000080026f0      0x14c build/src/timer.o
                0x00000000080026f0                rt_timer_start
 .text.rt_timer_control
                0x000000000800283c       0xa0 build/src/timer.o
                0x000000000800283c                rt_timer_control
 .text.rt_timer_check
                0x00000000080028dc       0xdc build/src/timer.o
                0x00000000080028dc                rt_timer_check
 .text.rt_system_timer_init
                0x00000000080029b8       0x14 build/src/timer.o
                0x00000000080029b8                rt_system_timer_init
 .text.rt_system_timer_thread_init
                0x00000000080029cc        0xc build/src/timer.o
                0x00000000080029cc                rt_system_timer_thread_init
 .text.rt_interrupt_enter
                0x00000000080029d8       0x38 build/src/irq.o
                0x00000000080029d8                rt_interrupt_enter
 .text.rt_interrupt_leave
                0x0000000008002a10       0x38 build/src/irq.o
                0x0000000008002a10                rt_interrupt_leave
 .text.rt_interrupt_get_nest
                0x0000000008002a48       0x18 build/src/irq.o
                0x0000000008002a48                rt_interrupt_get_nest
 .text.rt_set_errno
                0x0000000008002a60       0x4c build/src/kservice.o
                0x0000000008002a60                rt_set_errno
 .text.rt_memset
                0x0000000008002aac       0xf4 build/src/kservice.o
                0x0000000008002aac                memset
                0x0000000008002aac                rt_memset
 .text.rt_memcpy
                0x0000000008002ba0      0x120 build/src/kservice.o
                0x0000000008002ba0                memcpy
                0x0000000008002ba0                rt_memcpy
 .text.rt_strncpy
                0x0000000008002cc0       0x84 build/src/kservice.o
                0x0000000008002cc0                rt_strncpy
 .text.rt_strncmp
                0x0000000008002d44       0x70 build/src/kservice.o
                0x0000000008002d44                rt_strncmp
 .text.rt_strlen
                0x0000000008002db4       0x34 build/src/kservice.o
                0x0000000008002db4                rt_strlen
                0x0000000008002db4                strlen
 .text.rt_show_version
                0x0000000008002de8       0x48 build/src/kservice.o
                0x0000000008002de8                rt_show_version
 .text.divide   0x0000000008002e30       0x7c build/src/kservice.o
 .text.skip_atoi
                0x0000000008002eac       0x4c build/src/kservice.o
 .text.print_number
                0x0000000008002ef8      0x200 build/src/kservice.o
 .text.vsnprintf
                0x00000000080030f8      0x59c build/src/kservice.o
 .text.rt_console_set_device
                0x0000000008003694       0x70 build/src/kservice.o
                0x0000000008003694                rt_console_set_device
 .text.rt_hw_console_output
                0x0000000008003704       0x14 build/src/kservice.o
                0x0000000008003704                rt_hw_console_output
 .text.rt_kprintf
                0x0000000008003718       0x70 build/src/kservice.o
                0x0000000008003718                rt_kprintf
 .text.rt_system_tick_init
                0x0000000008003788       0x18 build/src/clock.o
                0x0000000008003788                rt_system_tick_init
 .text.rt_tick_get
                0x00000000080037a0       0x18 build/src/clock.o
                0x00000000080037a0                rt_tick_get
 .text.rt_tick_increase
                0x00000000080037b8       0x54 build/src/clock.o
                0x00000000080037b8                rt_tick_increase
 .text.rt_list_insert_after
                0x000000000800380c       0x30 build/src/object.o
 .text.rt_list_remove
                0x000000000800383c       0x34 build/src/object.o
 .text.rt_system_object_init
                0x0000000008003870        0xc build/src/object.o
                0x0000000008003870                rt_system_object_init
 .text.rt_object_init
                0x000000000800387c       0x84 build/src/object.o
                0x000000000800387c                rt_object_init
 .text.rt_object_detach
                0x0000000008003900       0x7c build/src/object.o
                0x0000000008003900                rt_object_detach
 .text.rt_object_allocate
                0x000000000800397c       0xf8 build/src/object.o
                0x000000000800397c                rt_object_allocate
 .text.rt_object_delete
                0x0000000008003a74       0xb8 build/src/object.o
                0x0000000008003a74                rt_object_delete
 .text.rt_object_is_systemobject
                0x0000000008003b2c       0x5c build/src/object.o
                0x0000000008003b2c                rt_object_is_systemobject
 .text.rt_list_init
                0x0000000008003b88       0x20 build/src/mempool.o
 .text.rt_list_insert_after
                0x0000000008003ba8       0x30 build/src/mempool.o
 .text.rt_mp_init
                0x0000000008003bd8      0x100 build/src/mempool.o
                0x0000000008003bd8                rt_mp_init
 .text.rt_mp_alloc
                0x0000000008003cd8      0x178 build/src/mempool.o
                0x0000000008003cd8                rt_mp_alloc
 .text.rt_list_init
                0x0000000008003e50       0x20 build/src/ipc.o
 .text.rt_list_insert_before
                0x0000000008003e70       0x30 build/src/ipc.o
 .text.rt_list_isempty
                0x0000000008003ea0       0x24 build/src/ipc.o
 .text.rt_ipc_object_init
                0x0000000008003ec4       0x24 build/src/ipc.o
 .text.rt_ipc_list_suspend
                0x0000000008003ee8       0x98 build/src/ipc.o
 .text.rt_ipc_list_resume
                0x0000000008003f80       0x28 build/src/ipc.o
 .text.rt_sem_init
                0x0000000008003fa8       0x74 build/src/ipc.o
                0x0000000008003fa8                rt_sem_init
 .text.rt_sem_take
                0x000000000800401c      0x17c build/src/ipc.o
                0x000000000800401c                rt_sem_take
 .text.rt_sem_release
                0x0000000008004198       0x80 build/src/ipc.o
                0x0000000008004198                rt_sem_release
 .text.rt_list_remove
                0x0000000008004218       0x34 build/src/idle.o
 .text.rt_list_isempty
                0x000000000800424c       0x24 build/src/idle.o
 .text.rt_thread_idle_excute
                0x0000000008004270       0xf8 build/src/idle.o
                0x0000000008004270                rt_thread_idle_excute
 .text.rt_thread_idle_entry
                0x0000000008004368       0x28 build/src/idle.o
 .text.rt_thread_idle_init
                0x0000000008004390       0x54 build/src/idle.o
                0x0000000008004390                rt_thread_idle_init
 .text.plug_holes
                0x00000000080043e4      0x1ac build/src/mem.o
 .text.rt_system_heap_init
                0x0000000008004590      0x1a8 build/src/mem.o
                0x0000000008004590                rt_system_heap_init
 .text.rt_malloc
                0x0000000008004738      0x430 build/src/mem.o
                0x0000000008004738                rt_malloc
 .text.rt_free  0x0000000008004b68      0x238 build/src/mem.o
                0x0000000008004b68                rt_free
 .text.list_mem
                0x0000000008004da0       0x50 build/src/mem.o
                0x0000000008004da0                list_mem
 .text.rt_hw_stack_init
                0x0000000008004df0      0x114 build/libcpu/arm/cortex-m3/cpuport.o
                0x0000000008004df0                rt_hw_stack_init
 .text.rt_hw_hard_fault_exception
                0x0000000008004f04       0xb8 build/libcpu/arm/cortex-m3/cpuport.o
                0x0000000008004f04                rt_hw_hard_fault_exception
 .text.rt_list_isempty
                0x0000000008004fbc       0x24 build/components/finsh/libfinsh.a(cmd.o)
 .text.rt_list_len
                0x0000000008004fe0       0x3c build/components/finsh/libfinsh.a(cmd.o)
 .text.hello    0x000000000800501c       0x1c build/components/finsh/libfinsh.a(cmd.o)
                0x000000000800501c                hello
 .text.version  0x0000000008005038       0x14 build/components/finsh/libfinsh.a(cmd.o)
                0x0000000008005038                version
 .text._list_thread
                0x000000000800504c      0x110 build/components/finsh/libfinsh.a(cmd.o)
 .text.list_thread
                0x000000000800515c       0x18 build/components/finsh/libfinsh.a(cmd.o)
                0x000000000800515c                list_thread
 .text.show_wait_queue
                0x0000000008005174       0x54 build/components/finsh/libfinsh.a(cmd.o)
 .text._list_sem
                0x00000000080051c8       0xc4 build/components/finsh/libfinsh.a(cmd.o)
 .text.list_sem
                0x000000000800528c       0x18 build/components/finsh/libfinsh.a(cmd.o)
                0x000000000800528c                list_sem
 .text._list_event
                0x00000000080052a4       0xb4 build/components/finsh/libfinsh.a(cmd.o)
 .text.list_event
                0x0000000008005358       0x18 build/components/finsh/libfinsh.a(cmd.o)
                0x0000000008005358                list_event
 .text._list_mutex
                0x0000000008005370       0x7c build/components/finsh/libfinsh.a(cmd.o)
 .text.list_mutex
                0x00000000080053ec       0x18 build/components/finsh/libfinsh.a(cmd.o)
                0x00000000080053ec                list_mutex
 .text._list_mailbox
                0x0000000008005404       0xd8 build/components/finsh/libfinsh.a(cmd.o)
 .text.list_mailbox
                0x00000000080054dc       0x18 build/components/finsh/libfinsh.a(cmd.o)
                0x00000000080054dc                list_mailbox
 .text._list_msgqueue
                0x00000000080054f4       0xc4 build/components/finsh/libfinsh.a(cmd.o)
 .text.list_msgqueue
                0x00000000080055b8       0x18 build/components/finsh/libfinsh.a(cmd.o)
                0x00000000080055b8                list_msgqueue
 .text._list_mempool
                0x00000000080055d0       0xbc build/components/finsh/libfinsh.a(cmd.o)
 .text.list_mempool
                0x000000000800568c       0x18 build/components/finsh/libfinsh.a(cmd.o)
                0x000000000800568c                list_mempool
 .text._list_timer
                0x00000000080056a4       0xa0 build/components/finsh/libfinsh.a(cmd.o)
 .text.list_timer
                0x0000000008005744       0x18 build/components/finsh/libfinsh.a(cmd.o)
                0x0000000008005744                list_timer
 .text._list_device
                0x000000000800575c       0x98 build/components/finsh/libfinsh.a(cmd.o)
 .text.list_device
                0x00000000080057f4       0x18 build/components/finsh/libfinsh.a(cmd.o)
                0x00000000080057f4                list_device
 .text.list     0x000000000800580c      0x100 build/components/finsh/libfinsh.a(cmd.o)
                0x000000000800580c                list
 .text.str_is_prefix
                0x000000000800590c       0x50 build/components/finsh/libfinsh.a(cmd.o)
 .text.list_prefix
                0x000000000800595c      0x1dc build/components/finsh/libfinsh.a(cmd.o)
                0x000000000800595c                list_prefix
 .text.finsh_var_init
                0x0000000008005b38       0x24 build/components/finsh/libfinsh.a(finsh_var.o)
                0x0000000008005b38                finsh_var_init
 .text.finsh_var_insert
                0x0000000008005b5c       0xe8 build/components/finsh/libfinsh.a(finsh_var.o)
                0x0000000008005b5c                finsh_var_insert
 .text.finsh_var_lookup
                0x0000000008005c44       0x7c build/components/finsh/libfinsh.a(finsh_var.o)
                0x0000000008005c44                finsh_var_lookup
 .text.finsh_sysvar_lookup
                0x0000000008005cc0       0x90 build/components/finsh/libfinsh.a(finsh_var.o)
                0x0000000008005cc0                finsh_sysvar_lookup
 .text.finsh_vm_run
                0x0000000008005d50       0x98 build/components/finsh/libfinsh.a(finsh_vm.o)
                0x0000000008005d50                finsh_vm_run
 .text.finsh_syscall_lookup
                0x0000000008005de8       0x90 build/components/finsh/libfinsh.a(finsh_vm.o)
                0x0000000008005de8                finsh_syscall_lookup
 .text.finsh_rx_ind
                0x0000000008005e78       0x64 build/components/finsh/libfinsh.a(shell.o)
 .text.finsh_set_device
                0x0000000008005edc       0xc8 build/components/finsh/libfinsh.a(shell.o)
                0x0000000008005edc                finsh_set_device
 .text.finsh_auto_complete
                0x0000000008005fa4       0x38 build/components/finsh/libfinsh.a(shell.o)
                0x0000000008005fa4                finsh_auto_complete
 .text.finsh_run_line
                0x0000000008005fdc       0xcc build/components/finsh/libfinsh.a(shell.o)
                0x0000000008005fdc                finsh_run_line
 .text.finsh_handle_history
                0x00000000080060a8      0x1dc build/components/finsh/libfinsh.a(shell.o)
                0x00000000080060a8                finsh_handle_history
 .text.finsh_push_history
                0x0000000008006284      0x154 build/components/finsh/libfinsh.a(shell.o)
                0x0000000008006284                finsh_push_history
 .text.finsh_thread_entry
                0x00000000080063d8      0x33c build/components/finsh/libfinsh.a(shell.o)
                0x00000000080063d8                finsh_thread_entry
 .text.finsh_system_function_init
                0x0000000008006714       0x2c build/components/finsh/libfinsh.a(shell.o)
                0x0000000008006714                finsh_system_function_init
 .text.finsh_system_var_init
                0x0000000008006740       0x2c build/components/finsh/libfinsh.a(shell.o)
                0x0000000008006740                finsh_system_var_init
 .text.finsh_system_init
                0x000000000800676c       0xf4 build/components/finsh/libfinsh.a(shell.o)
                0x000000000800676c                finsh_system_init
 .text.finsh_compile
                0x0000000008006860     0x2b34 build/components/finsh/libfinsh.a(finsh_compiler.o)
 .text.finsh_type_check
                0x0000000008009394      0x254 build/components/finsh/libfinsh.a(finsh_compiler.o)
 .text.finsh_compiler_run
                0x00000000080095e8       0xc0 build/components/finsh/libfinsh.a(finsh_compiler.o)
                0x00000000080095e8                finsh_compiler_run
 .text.finsh_error_init
                0x00000000080096a8       0x20 build/components/finsh/libfinsh.a(finsh_error.o)
                0x00000000080096a8                finsh_error_init
 .text.finsh_error_set
                0x00000000080096c8       0x28 build/components/finsh/libfinsh.a(finsh_error.o)
                0x00000000080096c8                finsh_error_set
 .text.finsh_errno
                0x00000000080096f0       0x18 build/components/finsh/libfinsh.a(finsh_error.o)
                0x00000000080096f0                finsh_errno
 .text.finsh_error_string
                0x0000000008009708       0x24 build/components/finsh/libfinsh.a(finsh_error.o)
                0x0000000008009708                finsh_error_string
 .text.finsh_init
                0x000000000800972c       0x2c build/components/finsh/libfinsh.a(finsh_init.o)
                0x000000000800972c                finsh_init
 .text.finsh_stack_bottom
                0x0000000008009758       0x18 build/components/finsh/libfinsh.a(finsh_init.o)
                0x0000000008009758                finsh_stack_bottom
 .text.finsh_flush
                0x0000000008009770       0x24 build/components/finsh/libfinsh.a(finsh_init.o)
                0x0000000008009770                finsh_flush
 .text.finsh_node_init
                0x0000000008009794       0x24 build/components/finsh/libfinsh.a(finsh_node.o)
                0x0000000008009794                finsh_node_init
 .text.finsh_node_allocate
                0x00000000080097b8       0x90 build/components/finsh/libfinsh.a(finsh_node.o)
                0x00000000080097b8                finsh_node_allocate
 .text.finsh_node_new_id
                0x0000000008009848       0xc8 build/components/finsh/libfinsh.a(finsh_node.o)
                0x0000000008009848                finsh_node_new_id
 .text.finsh_node_new_char
                0x0000000008009910       0x3c build/components/finsh/libfinsh.a(finsh_node.o)
                0x0000000008009910                finsh_node_new_char
 .text.finsh_node_new_int
                0x000000000800994c       0x3c build/components/finsh/libfinsh.a(finsh_node.o)
                0x000000000800994c                finsh_node_new_int
 .text.finsh_node_new_long
                0x0000000008009988       0x3c build/components/finsh/libfinsh.a(finsh_node.o)
                0x0000000008009988                finsh_node_new_long
 .text.finsh_node_new_string
                0x00000000080099c4       0x7c build/components/finsh/libfinsh.a(finsh_node.o)
                0x00000000080099c4                finsh_node_new_string
 .text.finsh_node_new_ptr
                0x0000000008009a40       0x3c build/components/finsh/libfinsh.a(finsh_node.o)
                0x0000000008009a40                finsh_node_new_ptr
 .text.OP_no_op
                0x0000000008009a7c        0xc build/components/finsh/libfinsh.a(finsh_ops.o)
                0x0000000008009a7c                OP_no_op
 .text.OP_add_byte
                0x0000000008009a88       0x58 build/components/finsh/libfinsh.a(finsh_ops.o)
                0x0000000008009a88                OP_add_byte
 .text.OP_add_word
                0x0000000008009ae0       0x5c build/components/finsh/libfinsh.a(finsh_ops.o)
                0x0000000008009ae0                OP_add_word
 .text.OP_add_dword
                0x0000000008009b3c       0x54 build/components/finsh/libfinsh.a(finsh_ops.o)
                0x0000000008009b3c                OP_add_dword
 .text.OP_sub_byte
                0x0000000008009b90       0x58 build/components/finsh/libfinsh.a(finsh_ops.o)
                0x0000000008009b90                OP_sub_byte
 .text.OP_sub_word
                0x0000000008009be8       0x5c build/components/finsh/libfinsh.a(finsh_ops.o)
                0x0000000008009be8                OP_sub_word
 .text.OP_sub_dword
                0x0000000008009c44       0x58 build/components/finsh/libfinsh.a(finsh_ops.o)
                0x0000000008009c44                OP_sub_dword
 .text.OP_div_byte
                0x0000000008009c9c       0x58 build/components/finsh/libfinsh.a(finsh_ops.o)
                0x0000000008009c9c                OP_div_byte
 .text.OP_div_word
                0x0000000008009cf4       0x5c build/components/finsh/libfinsh.a(finsh_ops.o)
                0x0000000008009cf4                OP_div_word
 .text.OP_div_dword
                0x0000000008009d50       0x58 build/components/finsh/libfinsh.a(finsh_ops.o)
                0x0000000008009d50                OP_div_dword
 .text.OP_mod_byte
                0x0000000008009da8       0x60 build/components/finsh/libfinsh.a(finsh_ops.o)
                0x0000000008009da8                OP_mod_byte
 .text.OP_mod_word
                0x0000000008009e08       0x64 build/components/finsh/libfinsh.a(finsh_ops.o)
                0x0000000008009e08                OP_mod_word
 .text.OP_mod_dword
                0x0000000008009e6c       0x60 build/components/finsh/libfinsh.a(finsh_ops.o)
                0x0000000008009e6c                OP_mod_dword
 .text.OP_mul_byte
                0x0000000008009ecc       0x58 build/components/finsh/libfinsh.a(finsh_ops.o)
                0x0000000008009ecc                OP_mul_byte
 .text.OP_mul_word
                0x0000000008009f24       0x5c build/components/finsh/libfinsh.a(finsh_ops.o)
                0x0000000008009f24                OP_mul_word
 .text.OP_mul_dword
                0x0000000008009f80       0x58 build/components/finsh/libfinsh.a(finsh_ops.o)
                0x0000000008009f80                OP_mul_dword
 .text.OP_and_byte
                0x0000000008009fd8       0x58 build/components/finsh/libfinsh.a(finsh_ops.o)
                0x0000000008009fd8                OP_and_byte
 .text.OP_and_word
                0x000000000800a030       0x58 build/components/finsh/libfinsh.a(finsh_ops.o)
                0x000000000800a030                OP_and_word
 .text.OP_and_dword
                0x000000000800a088       0x58 build/components/finsh/libfinsh.a(finsh_ops.o)
                0x000000000800a088                OP_and_dword
 .text.OP_or_byte
                0x000000000800a0e0       0x58 build/components/finsh/libfinsh.a(finsh_ops.o)
                0x000000000800a0e0                OP_or_byte
 .text.OP_or_word
                0x000000000800a138       0x58 build/components/finsh/libfinsh.a(finsh_ops.o)
                0x000000000800a138                OP_or_word
 .text.OP_or_dword
                0x000000000800a190       0x58 build/components/finsh/libfinsh.a(finsh_ops.o)
                0x000000000800a190                OP_or_dword
 .text.OP_xor_byte
                0x000000000800a1e8       0x58 build/components/finsh/libfinsh.a(finsh_ops.o)
                0x000000000800a1e8                OP_xor_byte
 .text.OP_xor_word
                0x000000000800a240       0x58 build/components/finsh/libfinsh.a(finsh_ops.o)
                0x000000000800a240                OP_xor_word
 .text.OP_xor_dword
                0x000000000800a298       0x58 build/components/finsh/libfinsh.a(finsh_ops.o)
                0x000000000800a298                OP_xor_dword
 .text.OP_bw_byte
                0x000000000800a2f0       0x30 build/components/finsh/libfinsh.a(finsh_ops.o)
                0x000000000800a2f0                OP_bw_byte
 .text.OP_bw_word
                0x000000000800a320       0x30 build/components/finsh/libfinsh.a(finsh_ops.o)
                0x000000000800a320                OP_bw_word
 .text.OP_bw_dword
                0x000000000800a350       0x30 build/components/finsh/libfinsh.a(finsh_ops.o)
                0x000000000800a350                OP_bw_dword
 .text.OP_shl_byte
                0x000000000800a380       0x5c build/components/finsh/libfinsh.a(finsh_ops.o)
                0x000000000800a380                OP_shl_byte
 .text.OP_shl_word
                0x000000000800a3dc       0x5c build/components/finsh/libfinsh.a(finsh_ops.o)
                0x000000000800a3dc                OP_shl_word
 .text.OP_shl_dword
                0x000000000800a438       0x58 build/components/finsh/libfinsh.a(finsh_ops.o)
                0x000000000800a438                OP_shl_dword
 .text.OP_shr_byte
                0x000000000800a490       0x5c build/components/finsh/libfinsh.a(finsh_ops.o)
                0x000000000800a490                OP_shr_byte
 .text.OP_shr_word
                0x000000000800a4ec       0x5c build/components/finsh/libfinsh.a(finsh_ops.o)
                0x000000000800a4ec                OP_shr_word
 .text.OP_shr_dword
                0x000000000800a548       0x58 build/components/finsh/libfinsh.a(finsh_ops.o)
                0x000000000800a548                OP_shr_dword
 .text.OP_ld_byte
                0x000000000800a5a0       0x54 build/components/finsh/libfinsh.a(finsh_ops.o)
                0x000000000800a5a0                OP_ld_byte
 .text.OP_ld_word
                0x000000000800a5f4       0x70 build/components/finsh/libfinsh.a(finsh_ops.o)
                0x000000000800a5f4                OP_ld_word
 .text.OP_ld_dword
                0x000000000800a664       0x9c build/components/finsh/libfinsh.a(finsh_ops.o)
                0x000000000800a664                OP_ld_dword
 .text.OP_ld_value_byte
                0x000000000800a700       0xa8 build/components/finsh/libfinsh.a(finsh_ops.o)
                0x000000000800a700                OP_ld_value_byte
 .text.OP_ld_value_byte_stack
                0x000000000800a7a8       0x38 build/components/finsh/libfinsh.a(finsh_ops.o)
                0x000000000800a7a8                OP_ld_value_byte_stack
 .text.OP_ld_value_word
                0x000000000800a7e0       0xa8 build/components/finsh/libfinsh.a(finsh_ops.o)
                0x000000000800a7e0                OP_ld_value_word
 .text.OP_ld_value_word_stack
                0x000000000800a888       0x38 build/components/finsh/libfinsh.a(finsh_ops.o)
                0x000000000800a888                OP_ld_value_word_stack
 .text.OP_ld_value_dword
                0x000000000800a8c0       0xa8 build/components/finsh/libfinsh.a(finsh_ops.o)
                0x000000000800a8c0                OP_ld_value_dword
 .text.OP_ld_value_dword_stack
                0x000000000800a968       0x38 build/components/finsh/libfinsh.a(finsh_ops.o)
                0x000000000800a968                OP_ld_value_dword_stack
 .text.OP_st_byte
                0x000000000800a9a0       0x48 build/components/finsh/libfinsh.a(finsh_ops.o)
                0x000000000800a9a0                OP_st_byte
 .text.OP_st_word
                0x000000000800a9e8       0x48 build/components/finsh/libfinsh.a(finsh_ops.o)
                0x000000000800a9e8                OP_st_word
 .text.OP_st_dword
                0x000000000800aa30       0x48 build/components/finsh/libfinsh.a(finsh_ops.o)
                0x000000000800aa30                OP_st_dword
 .text.OP_pop   0x000000000800aa78       0x24 build/components/finsh/libfinsh.a(finsh_ops.o)
                0x000000000800aa78                OP_pop
 .text.OP_call  0x000000000800aa9c      0x488 build/components/finsh/libfinsh.a(finsh_ops.o)
                0x000000000800aa9c                OP_call
 .text.proc_variable_decl
                0x000000000800af24      0x2e4 build/components/finsh/libfinsh.a(finsh_parser.o)
 .text.proc_type
                0x000000000800b208      0x1d8 build/components/finsh/libfinsh.a(finsh_parser.o)
 .text.proc_identifier
                0x000000000800b3e0       0x50 build/components/finsh/libfinsh.a(finsh_parser.o)
 .text.proc_expr_statement
                0x000000000800b430       0x68 build/components/finsh/libfinsh.a(finsh_parser.o)
 .text.proc_expr
                0x000000000800b498       0x1c build/components/finsh/libfinsh.a(finsh_parser.o)
 .text.proc_assign_expr
                0x000000000800b4b4       0x58 build/components/finsh/libfinsh.a(finsh_parser.o)
 .text.proc_inclusive_or_expr
                0x000000000800b50c       0x78 build/components/finsh/libfinsh.a(finsh_parser.o)
 .text.proc_exclusive_or_expr
                0x000000000800b584       0x78 build/components/finsh/libfinsh.a(finsh_parser.o)
 .text.proc_and_expr
                0x000000000800b5fc       0x78 build/components/finsh/libfinsh.a(finsh_parser.o)
 .text.proc_shift_expr
                0x000000000800b674       0xa8 build/components/finsh/libfinsh.a(finsh_parser.o)
 .text.proc_additive_expr
                0x000000000800b71c       0xa4 build/components/finsh/libfinsh.a(finsh_parser.o)
 .text.proc_multiplicative_expr
                0x000000000800b7c0       0xc0 build/components/finsh/libfinsh.a(finsh_parser.o)
 .text.proc_cast_expr
                0x000000000800b880       0x84 build/components/finsh/libfinsh.a(finsh_parser.o)
 .text.proc_unary_expr
                0x000000000800b904      0x130 build/components/finsh/libfinsh.a(finsh_parser.o)
 .text.proc_postfix_expr
                0x000000000800ba34       0xf8 build/components/finsh/libfinsh.a(finsh_parser.o)
 .text.proc_primary_expr
                0x000000000800bb2c      0x158 build/components/finsh/libfinsh.a(finsh_parser.o)
 .text.proc_param_list
                0x000000000800bc84       0x84 build/components/finsh/libfinsh.a(finsh_parser.o)
 .text.make_sys_node
                0x000000000800bd08       0x48 build/components/finsh/libfinsh.a(finsh_parser.o)
 .text.finsh_parser_run
                0x000000000800bd50      0x168 build/components/finsh/libfinsh.a(finsh_parser.o)
                0x000000000800bd50                finsh_parser_run
 .text.finsh_parser_init
                0x000000000800beb8       0x24 build/components/finsh/libfinsh.a(finsh_parser.o)
                0x000000000800beb8                finsh_parser_init
 .text.finsh_token_init
                0x000000000800bedc       0x28 build/components/finsh/libfinsh.a(finsh_token.o)
                0x000000000800bedc                finsh_token_init
 .text.finsh_token_token
                0x000000000800bf04       0x30 build/components/finsh/libfinsh.a(finsh_token.o)
                0x000000000800bf04                finsh_token_token
 .text.token_get_string
                0x000000000800bf34       0xb4 build/components/finsh/libfinsh.a(finsh_token.o)
                0x000000000800bf34                token_get_string
 .text.token_next_char
                0x000000000800bfe8       0x78 build/components/finsh/libfinsh.a(finsh_token.o)
 .text.token_prev_char
                0x000000000800c060       0x38 build/components/finsh/libfinsh.a(finsh_token.o)
 .text.token_run
                0x000000000800c098      0x368 build/components/finsh/libfinsh.a(finsh_token.o)
 .text.token_match_name
                0x000000000800c400       0x68 build/components/finsh/libfinsh.a(finsh_token.o)
 .text.token_trim_space
                0x000000000800c468       0x2c build/components/finsh/libfinsh.a(finsh_token.o)
 .text.token_proc_char
                0x000000000800c494       0xec build/components/finsh/libfinsh.a(finsh_token.o)
 .text.token_proc_string
                0x000000000800c580       0x88 build/components/finsh/libfinsh.a(finsh_token.o)
 .text.token_proc_escape
                0x000000000800c608      0x148 build/components/finsh/libfinsh.a(finsh_token.o)
 .text.token_proc_number
                0x000000000800c750      0x1fc build/components/finsh/libfinsh.a(finsh_token.o)
 .text.token_spec_number
                0x000000000800c94c      0x128 build/components/finsh/libfinsh.a(finsh_token.o)
 .text.finsh_heap_init
                0x000000000800ca74       0x64 build/components/finsh/libfinsh.a(finsh_heap.o)
                0x000000000800ca74                finsh_heap_init
 .text.finsh_heap_allocate
                0x000000000800cad8       0xc8 build/components/finsh/libfinsh.a(finsh_heap.o)
                0x000000000800cad8                finsh_heap_allocate
 .text.finsh_heap_free
                0x000000000800cba0       0x44 build/components/finsh/libfinsh.a(finsh_heap.o)
                0x000000000800cba0                finsh_heap_free
 .text.finsh_heap_gc
                0x000000000800cbe4       0xa8 build/components/finsh/libfinsh.a(finsh_heap.o)
 .text.finsh_block_insert
                0x000000000800cc8c       0x84 build/components/finsh/libfinsh.a(finsh_heap.o)
 .text.finsh_block_remove
                0x000000000800cd10       0x5c build/components/finsh/libfinsh.a(finsh_heap.o)
 .text.finsh_block_split
                0x000000000800cd6c       0x48 build/components/finsh/libfinsh.a(finsh_heap.o)
 .text.finsh_block_merge
                0x000000000800cdb4       0xf0 build/components/finsh/libfinsh.a(finsh_heap.o)
 .text.isalpha  0x000000000800cea4       0x28 build/components/libc/minilibc/ctype.o
                0x000000000800cea4                isalpha
 .text.atoi     0x000000000800cecc       0xa0 build/components/libc/minilibc/stdlib.o
                0x000000000800cecc                atoi
 .text.strncpy  0x000000000800cf6c       0x24 build/components/libc/minilibc/string.o
                0x000000000800cf6c                strncpy
 .text.strcmp   0x000000000800cf90       0x4c build/components/libc/minilibc/string.o
                0x000000000800cf90                strcmp
 .text.strncmp  0x000000000800cfdc       0x70 build/components/libc/minilibc/string.o
                0x000000000800cfdc                strncmp
 .text.__isleap
                0x000000000800d04c       0x7c build/components/libc/minilibc/time.o
                0x000000000800d04c                __isleap
 .text.gmtime_r
                0x000000000800d0c8      0x1b8 build/components/libc/minilibc/time.o
                0x000000000800d0c8                gmtime_r
 .text.localtime_r
                0x000000000800d280       0x68 build/components/libc/minilibc/time.o
                0x000000000800d280                localtime_r
 .text.localtime
                0x000000000800d2e8       0x24 build/components/libc/minilibc/time.o
                0x000000000800d2e8                localtime
 .text.timegm   0x000000000800d30c      0x328 build/components/libc/minilibc/time.o
                0x000000000800d30c                timegm
 .text.mktime   0x000000000800d634       0x60 build/components/libc/minilibc/time.o
                0x000000000800d634                mktime
 .text.num2str  0x000000000800d694       0x74 build/components/libc/minilibc/time.o
 .text.asctime_r
                0x000000000800d708      0x158 build/components/libc/minilibc/time.o
                0x000000000800d708                asctime_r
 .text.asctime  0x000000000800d860       0x24 build/components/libc/minilibc/time.o
                0x000000000800d860                asctime
 .text.ctime    0x000000000800d884       0x24 build/components/libc/minilibc/time.o
                0x000000000800d884                ctime
 .text.gettimeofday
                0x000000000800d8a8       0x58 build/components/libc/minilibc/time.o
                0x000000000800d8a8                gettimeofday
 .text.SystemInit
                0x000000000800d900       0xac build/bsp/Libraries/CMSIS/CM3/DeviceSupport/ST/STM32F10x/system_stm32f10x.o
                0x000000000800d900                SystemInit
 .text.SetSysClock
                0x000000000800d9ac        0xc build/bsp/Libraries/CMSIS/CM3/DeviceSupport/ST/STM32F10x/system_stm32f10x.o
 .text.SetSysClockTo72
                0x000000000800d9b8      0x1a8 build/bsp/Libraries/CMSIS/CM3/DeviceSupport/ST/STM32F10x/system_stm32f10x.o
 .text.RCC_LSEConfig
                0x000000000800db60       0x7c build/bsp/Libraries/STM32F10x_StdPeriph_Driver/src/stm32f10x_rcc.o
                0x000000000800db60                RCC_LSEConfig
 .text.RCC_RTCCLKConfig
                0x000000000800dbdc       0x54 build/bsp/Libraries/STM32F10x_StdPeriph_Driver/src/stm32f10x_rcc.o
                0x000000000800dbdc                RCC_RTCCLKConfig
 .text.RCC_RTCCLKCmd
                0x000000000800dc30       0x3c build/bsp/Libraries/STM32F10x_StdPeriph_Driver/src/stm32f10x_rcc.o
                0x000000000800dc30                RCC_RTCCLKCmd
 .text.RCC_GetClocksFreq
                0x000000000800dc6c      0x1c8 build/bsp/Libraries/STM32F10x_StdPeriph_Driver/src/stm32f10x_rcc.o
                0x000000000800dc6c                RCC_GetClocksFreq
 .text.RCC_APB2PeriphClockCmd
                0x000000000800de34       0x98 build/bsp/Libraries/STM32F10x_StdPeriph_Driver/src/stm32f10x_rcc.o
                0x000000000800de34                RCC_APB2PeriphClockCmd
 .text.RCC_APB1PeriphClockCmd
                0x000000000800decc       0x98 build/bsp/Libraries/STM32F10x_StdPeriph_Driver/src/stm32f10x_rcc.o
                0x000000000800decc                RCC_APB1PeriphClockCmd
 .text.RCC_BackupResetCmd
                0x000000000800df64       0x3c build/bsp/Libraries/STM32F10x_StdPeriph_Driver/src/stm32f10x_rcc.o
                0x000000000800df64                RCC_BackupResetCmd
 .text.RCC_GetFlagStatus
                0x000000000800dfa0       0xe0 build/bsp/Libraries/STM32F10x_StdPeriph_Driver/src/stm32f10x_rcc.o
                0x000000000800dfa0                RCC_GetFlagStatus
 .text.PWR_BackupAccessCmd
                0x000000000800e080       0x3c build/bsp/Libraries/STM32F10x_StdPeriph_Driver/src/stm32f10x_pwr.o
                0x000000000800e080                PWR_BackupAccessCmd
 .text.BKP_DeInit
                0x000000000800e0bc       0x18 build/bsp/Libraries/STM32F10x_StdPeriph_Driver/src/stm32f10x_bkp.o
                0x000000000800e0bc                BKP_DeInit
 .text.BKP_WriteBackupRegister
                0x000000000800e0d4      0x144 build/bsp/Libraries/STM32F10x_StdPeriph_Driver/src/stm32f10x_bkp.o
                0x000000000800e0d4                BKP_WriteBackupRegister
 .text.BKP_ReadBackupRegister
                0x000000000800e218      0x140 build/bsp/Libraries/STM32F10x_StdPeriph_Driver/src/stm32f10x_bkp.o
                0x000000000800e218                BKP_ReadBackupRegister
 .text.RTC_EnterConfigMode
                0x000000000800e358       0x28 build/bsp/Libraries/STM32F10x_StdPeriph_Driver/src/stm32f10x_rtc.o
                0x000000000800e358                RTC_EnterConfigMode
 .text.RTC_ExitConfigMode
                0x000000000800e380       0x34 build/bsp/Libraries/STM32F10x_StdPeriph_Driver/src/stm32f10x_rtc.o
                0x000000000800e380                RTC_ExitConfigMode
 .text.RTC_GetCounter
                0x000000000800e3b4       0x3c build/bsp/Libraries/STM32F10x_StdPeriph_Driver/src/stm32f10x_rtc.o
                0x000000000800e3b4                RTC_GetCounter
 .text.RTC_SetCounter
                0x000000000800e3f0       0x38 build/bsp/Libraries/STM32F10x_StdPeriph_Driver/src/stm32f10x_rtc.o
                0x000000000800e3f0                RTC_SetCounter
 .text.RTC_SetPrescaler
                0x000000000800e428       0x5c build/bsp/Libraries/STM32F10x_StdPeriph_Driver/src/stm32f10x_rtc.o
                0x000000000800e428                RTC_SetPrescaler
 .text.RTC_WaitForLastTask
                0x000000000800e484       0x20 build/bsp/Libraries/STM32F10x_StdPeriph_Driver/src/stm32f10x_rtc.o
                0x000000000800e484                RTC_WaitForLastTask
 .text.RTC_WaitForSynchro
                0x000000000800e4a4       0x48 build/bsp/Libraries/STM32F10x_StdPeriph_Driver/src/stm32f10x_rtc.o
                0x000000000800e4a4                RTC_WaitForSynchro
 .text.GPIO_Init
                0x000000000800e4ec      0x2c0 build/bsp/Libraries/STM32F10x_StdPeriph_Driver/src/stm32f10x_gpio.o
                0x000000000800e4ec                GPIO_Init
 .text.GPIO_SetBits
                0x000000000800e7ac       0xa4 build/bsp/Libraries/STM32F10x_StdPeriph_Driver/src/stm32f10x_gpio.o
                0x000000000800e7ac                GPIO_SetBits
 .text.GPIO_ResetBits
                0x000000000800e850       0xa4 build/bsp/Libraries/STM32F10x_StdPeriph_Driver/src/stm32f10x_gpio.o
                0x000000000800e850                GPIO_ResetBits
 .text.USART_Init
                0x000000000800e8f4      0x370 build/bsp/Libraries/STM32F10x_StdPeriph_Driver/src/stm32f10x_usart.o
                0x000000000800e8f4                USART_Init
 .text.USART_ClockInit
                0x000000000800ec64      0x124 build/bsp/Libraries/STM32F10x_StdPeriph_Driver/src/stm32f10x_usart.o
                0x000000000800ec64                USART_ClockInit
 .text.USART_Cmd
                0x000000000800ed88       0xb8 build/bsp/Libraries/STM32F10x_StdPeriph_Driver/src/stm32f10x_usart.o
                0x000000000800ed88                USART_Cmd
 .text.USART_ITConfig
                0x000000000800ee40      0x1b4 build/bsp/Libraries/STM32F10x_StdPeriph_Driver/src/stm32f10x_usart.o
                0x000000000800ee40                USART_ITConfig
 .text.USART_GetITStatus
                0x000000000800eff4      0x1cc build/bsp/Libraries/STM32F10x_StdPeriph_Driver/src/stm32f10x_usart.o
                0x000000000800eff4                USART_GetITStatus
 .text.USART_ClearITPendingBit
                0x000000000800f1c0      0x114 build/bsp/Libraries/STM32F10x_StdPeriph_Driver/src/stm32f10x_usart.o
                0x000000000800f1c0                USART_ClearITPendingBit
 .text.DMA_Cmd  0x000000000800f2d4      0x110 build/bsp/Libraries/STM32F10x_StdPeriph_Driver/src/stm32f10x_dma.o
                0x000000000800f2d4                DMA_Cmd
 .text.NVIC_Init
                0x000000000800f3e4      0x138 build/bsp/Libraries/STM32F10x_StdPeriph_Driver/src/misc.o
                0x000000000800f3e4                NVIC_Init
 .text.NVIC_SetVectorTable
                0x000000000800f51c       0x6c build/bsp/Libraries/STM32F10x_StdPeriph_Driver/src/misc.o
                0x000000000800f51c                NVIC_SetVectorTable
 .text.Reset_Handler
                0x000000000800f588       0x44 build/bsp/Libraries/CMSIS/CM3/DeviceSupport/ST/STM32F10x/startup/gcc_ride7/startup_stm32f10x_hd.o
                0x000000000800f588                Reset_Handler
 .text.Default_Handler
                0x000000000800f5cc        0x2 build/bsp/Libraries/CMSIS/CM3/DeviceSupport/ST/STM32F10x/startup/gcc_ride7/startup_stm32f10x_hd.o
                0x000000000800f5cc                EXTI2_IRQHandler
                0x000000000800f5cc                TIM8_TRG_COM_IRQHandler
                0x000000000800f5cc                TIM8_CC_IRQHandler
                0x000000000800f5cc                TIM1_CC_IRQHandler
                0x000000000800f5cc                TIM6_IRQHandler
                0x000000000800f5cc                PVD_IRQHandler
                0x000000000800f5cc                SDIO_IRQHandler
                0x000000000800f5cc                EXTI3_IRQHandler
                0x000000000800f5cc                EXTI0_IRQHandler
                0x000000000800f5cc                I2C2_EV_IRQHandler
                0x000000000800f5cc                ADC1_2_IRQHandler
                0x000000000800f5cc                SPI1_IRQHandler
                0x000000000800f5cc                TAMPER_IRQHandler
                0x000000000800f5cc                TIM8_UP_IRQHandler
                0x000000000800f5cc                DMA2_Channel2_IRQHandler
                0x000000000800f5cc                DMA1_Channel4_IRQHandler
                0x000000000800f5cc                RTC_IRQHandler
                0x000000000800f5cc                DMA1_Channel7_IRQHandler
                0x000000000800f5cc                CAN1_RX1_IRQHandler
                0x000000000800f5cc                UART5_IRQHandler
                0x000000000800f5cc                ADC3_IRQHandler
                0x000000000800f5cc                TIM4_IRQHandler
                0x000000000800f5cc                DMA2_Channel1_IRQHandler
                0x000000000800f5cc                I2C1_EV_IRQHandler
                0x000000000800f5cc                DMA1_Channel6_IRQHandler
                0x000000000800f5cc                UART4_IRQHandler
                0x000000000800f5cc                TIM3_IRQHandler
                0x000000000800f5cc                RCC_IRQHandler
                0x000000000800f5cc                TIM1_TRG_COM_IRQHandler
                0x000000000800f5cc                DMA1_Channel1_IRQHandler
                0x000000000800f5cc                Default_Handler
                0x000000000800f5cc                EXTI15_10_IRQHandler
                0x000000000800f5cc                TIM7_IRQHandler
                0x000000000800f5cc                TIM5_IRQHandler
                0x000000000800f5cc                EXTI9_5_IRQHandler
                0x000000000800f5cc                SPI2_IRQHandler
                0x000000000800f5cc                DMA1_Channel5_IRQHandler
                0x000000000800f5cc                EXTI4_IRQHandler
                0x000000000800f5cc                USB_LP_CAN1_RX0_IRQHandler
                0x000000000800f5cc                USB_HP_CAN1_TX_IRQHandler
                0x000000000800f5cc                DMA1_Channel3_IRQHandler
                0x000000000800f5cc                FSMC_IRQHandler
                0x000000000800f5cc                TIM1_UP_IRQHandler
                0x000000000800f5cc                WWDG_IRQHandler
                0x000000000800f5cc                TIM2_IRQHandler
                0x000000000800f5cc                TIM1_BRK_IRQHandler
                0x000000000800f5cc                EXTI1_IRQHandler
                0x000000000800f5cc                RTCAlarm_IRQHandler
                0x000000000800f5cc                DMA2_Channel4_5_IRQHandler
                0x000000000800f5cc                I2C2_ER_IRQHandler
                0x000000000800f5cc                TIM8_BRK_IRQHandler
                0x000000000800f5cc                CAN1_SCE_IRQHandler
                0x000000000800f5cc                FLASH_IRQHandler
                0x000000000800f5cc                SPI3_IRQHandler
                0x000000000800f5cc                I2C1_ER_IRQHandler
                0x000000000800f5cc                USBWakeUp_IRQHandler
                0x000000000800f5cc                DMA2_Channel3_IRQHandler
 *(.rodata)
 *fill*         0x000000000800f5ce        0x2 00000000
 .rodata        0x000000000800f5d0        0xc build/bsp/application.o
 .rodata        0x000000000800f5dc       0x58 build/bsp/startup.o
 .rodata        0x000000000800f634        0x8 build/bsp/board.o
 .rodata        0x000000000800f63c       0x98 build/bsp/rtc.o
 .rodata        0x000000000800f6d4        0x8 build/bsp/usart.o
 .rodata        0x000000000800f6dc       0xf4 build/bsp/serial.o
 .rodata        0x000000000800f7d0       0x68 build/src/device.o
 .rodata        0x000000000800f838       0xb4 build/src/thread.o
 .rodata        0x000000000800f8ec       0x88 build/src/scheduler.o
 .rodata        0x000000000800f974       0x58 build/src/timer.o
 .rodata        0x000000000800f9cc       0x8c build/src/kservice.o
 .rodata        0x000000000800fa58       0x88 build/src/object.o
 .rodata        0x000000000800fae0       0x58 build/src/mempool.o
 .rodata        0x000000000800fb38       0xa0 build/src/ipc.o
 .rodata        0x000000000800fbd8       0x50 build/src/idle.o
 .rodata        0x000000000800fc28      0x2d0 build/src/mem.o
 .rodata        0x000000000800fef8       0xd0 build/libcpu/arm/cortex-m3/cpuport.o
 .rodata        0x000000000800ffc8      0x57c build/components/finsh/libfinsh.a(cmd.o)
 .rodata        0x0000000008010544       0xcc build/components/finsh/libfinsh.a(shell.o)
 .rodata        0x0000000008010610       0xf4 build/components/finsh/libfinsh.a(finsh_error.o)
 .rodata        0x0000000008010704       0x40 build/components/finsh/libfinsh.a(finsh_token.o)
 .rodata        0x0000000008010744        0x4 build/components/libc/minilibc/time.o
 .rodata        0x0000000008010748       0x3c build/bsp/Libraries/STM32F10x_StdPeriph_Driver/src/stm32f10x_rcc.o
 .rodata        0x0000000008010784       0x3c build/bsp/Libraries/STM32F10x_StdPeriph_Driver/src/stm32f10x_pwr.o
 .rodata        0x00000000080107c0       0x3c build/bsp/Libraries/STM32F10x_StdPeriph_Driver/src/stm32f10x_bkp.o
 .rodata        0x00000000080107fc       0x3c build/bsp/Libraries/STM32F10x_StdPeriph_Driver/src/stm32f10x_rtc.o
 .rodata        0x0000000008010838       0x3c build/bsp/Libraries/STM32F10x_StdPeriph_Driver/src/stm32f10x_gpio.o
 .rodata        0x0000000008010874       0x3c build/bsp/Libraries/STM32F10x_StdPeriph_Driver/src/stm32f10x_usart.o
 .rodata        0x00000000080108b0       0x3c build/bsp/Libraries/STM32F10x_StdPeriph_Driver/src/stm32f10x_dma.o
 .rodata        0x00000000080108ec       0x30 build/bsp/Libraries/STM32F10x_StdPeriph_Driver/src/misc.o
 *(.rodata*)
 .rodata.__fsym_set_date_name
                0x000000000801091c        0xc build/bsp/rtc.o
                0x000000000801091c                __fsym_set_date_name
 .rodata.__fsym_set_date_desc
                0x0000000008010928       0x24 build/bsp/rtc.o
                0x0000000008010928                __fsym_set_date_desc
 .rodata.__fsym_set_time_name
                0x000000000801094c        0xc build/bsp/rtc.o
                0x000000000801094c                __fsym_set_time_name
 .rodata.__fsym_set_time_desc
                0x0000000008010958       0x24 build/bsp/rtc.o
                0x0000000008010958                __fsym_set_time_desc
 .rodata.__fsym_list_date_name
                0x000000000801097c        0xc build/bsp/rtc.o
                0x000000000801097c                __fsym_list_date_name
 .rodata.__fsym_list_date_desc
                0x0000000008010988       0x14 build/bsp/rtc.o
                0x0000000008010988                __fsym_list_date_desc
 .rodata.__FUNCTION__.4461
                0x000000000801099c       0x10 build/bsp/rtc.o
 .rodata.__FUNCTION__.4820
                0x00000000080109ac       0x14 build/bsp/serial.o
 .rodata.__FUNCTION__.4792
                0x00000000080109c0       0x18 build/bsp/serial.o
 .rodata.__FUNCTION__.4765
                0x00000000080109d8       0x14 build/bsp/serial.o
 .rodata.__FUNCTION__.4659
                0x00000000080109ec       0x10 build/bsp/serial.o
 .rodata.__FUNCTION__.4642
                0x00000000080109fc       0x18 build/bsp/serial.o
 .rodata.__FUNCTION__.4528
                0x0000000008010a14       0x10 build/bsp/serial.o
 .rodata.__fsym_led_name
                0x0000000008010a24        0x4 build/bsp/led.o
                0x0000000008010a24                __fsym_led_name
 .rodata.__fsym_led_desc
                0x0000000008010a28       0x20 build/bsp/led.o
                0x0000000008010a28                __fsym_led_desc
 .rodata.__FUNCTION__.2202
                0x0000000008010a48       0x1c build/src/device.o
 .rodata.__FUNCTION__.2184
                0x0000000008010a64       0x14 build/src/device.o
 .rodata.__FUNCTION__.2163
                0x0000000008010a78       0x10 build/src/device.o
 .rodata.__FUNCTION__.2140
                0x0000000008010a88       0x10 build/src/device.o
 .rodata.__FUNCTION__.2113
                0x0000000008010a98       0x10 build/src/device.o
 .rodata.__FUNCTION__.2068
                0x0000000008010aa8       0x10 build/src/device.o
 .rodata.__FUNCTION__.2329
                0x0000000008010ab8       0x14 build/src/thread.o
 .rodata.__FUNCTION__.2301
                0x0000000008010acc       0x14 build/src/thread.o
 .rodata.__FUNCTION__.2277
                0x0000000008010ae0       0x14 build/src/thread.o
 .rodata.__FUNCTION__.2213
                0x0000000008010af4       0x10 build/src/thread.o
 .rodata.__FUNCTION__.2105
                0x0000000008010b04       0x14 build/src/thread.o
 .rodata.__FUNCTION__.2061
                0x0000000008010b18       0x10 build/src/thread.o
 .rodata.__FUNCTION__.2025
                0x0000000008010b28       0x10 build/src/thread.o
 .rodata.rt_lowest_bitmap
                0x0000000008010b38      0x100 build/src/scheduler.o
                0x0000000008010b38                rt_lowest_bitmap
 .rodata.__FUNCTION__.2229
                0x0000000008010c38       0x1c build/src/scheduler.o
 .rodata.__FUNCTION__.2203
                0x0000000008010c54       0x1c build/src/scheduler.o
 .rodata.__FUNCTION__.2025
                0x0000000008010c70       0x1c build/src/scheduler.o
 .rodata.__FUNCTION__.2177
                0x0000000008010c8c       0x14 build/src/timer.o
 .rodata.__FUNCTION__.2098
                0x0000000008010ca0       0x10 build/src/timer.o
 .rodata.__FUNCTION__.2037
                0x0000000008010cb0       0x10 build/src/timer.o
 .rodata.large_digits.2303
                0x0000000008010cc0       0x14 build/src/kservice.o
 .rodata.small_digits.2302
                0x0000000008010cd4       0x14 build/src/kservice.o
 .rodata.__FUNCTION__.2147
                0x0000000008010ce8       0x1c build/src/object.o
 .rodata.__FUNCTION__.2121
                0x0000000008010d04       0x14 build/src/object.o
 .rodata.__FUNCTION__.2089
                0x0000000008010d18       0x14 build/src/object.o
 .rodata.__FUNCTION__.2068
                0x0000000008010d2c       0x14 build/src/object.o
 .rodata.__FUNCTION__.2202
                0x0000000008010d40        0xc build/src/mempool.o
 .rodata.__FUNCTION__.2031
                0x0000000008010d4c        0xc build/src/mempool.o
 .rodata.__FUNCTION__.2157
                0x0000000008010d58        0xc build/src/ipc.o
 .rodata.__FUNCTION__.2074
                0x0000000008010d64        0xc build/src/ipc.o
 .rodata.__FUNCTION__.2018
                0x0000000008010d70       0x18 build/src/idle.o
 .rodata.__fsym_list_mem_name
                0x0000000008010d88        0xc build/src/mem.o
                0x0000000008010d88                __fsym_list_mem_name
 .rodata.__fsym_list_mem_desc
                0x0000000008010d94       0x20 build/src/mem.o
                0x0000000008010d94                __fsym_list_mem_desc
 .rodata.__FUNCTION__.2424
                0x0000000008010db4        0x8 build/src/mem.o
 .rodata.__FUNCTION__.2145
                0x0000000008010dbc        0xc build/src/mem.o
 .rodata.__FUNCTION__.2090
                0x0000000008010dc8       0x14 build/src/mem.o
 .rodata.__FUNCTION__.2008
                0x0000000008010ddc        0xc build/src/mem.o
 .rodata.__fsym_hello_name
                0x0000000008010de8        0x8 build/components/finsh/libfinsh.a(cmd.o)
                0x0000000008010de8                __fsym_hello_name
 .rodata.__fsym_hello_desc
                0x0000000008010df0       0x10 build/components/finsh/libfinsh.a(cmd.o)
                0x0000000008010df0                __fsym_hello_desc
 .rodata.__fsym_version_name
                0x0000000008010e00        0x8 build/components/finsh/libfinsh.a(cmd.o)
                0x0000000008010e00                __fsym_version_name
 .rodata.__fsym_version_desc
                0x0000000008010e08       0x24 build/components/finsh/libfinsh.a(cmd.o)
                0x0000000008010e08                __fsym_version_desc
 .rodata.__fsym_list_thread_name
                0x0000000008010e2c        0xc build/components/finsh/libfinsh.a(cmd.o)
                0x0000000008010e2c                __fsym_list_thread_name
 .rodata.__fsym_list_thread_desc
                0x0000000008010e38        0xc build/components/finsh/libfinsh.a(cmd.o)
                0x0000000008010e38                __fsym_list_thread_desc
 .rodata.__fsym_list_sem_name
                0x0000000008010e44        0xc build/components/finsh/libfinsh.a(cmd.o)
                0x0000000008010e44                __fsym_list_sem_name
 .rodata.__fsym_list_sem_desc
                0x0000000008010e50       0x1c build/components/finsh/libfinsh.a(cmd.o)
                0x0000000008010e50                __fsym_list_sem_desc
 .rodata.__fsym_list_event_name
                0x0000000008010e6c        0xc build/components/finsh/libfinsh.a(cmd.o)
                0x0000000008010e6c                __fsym_list_event_name
 .rodata.__fsym_list_event_desc
                0x0000000008010e78       0x18 build/components/finsh/libfinsh.a(cmd.o)
                0x0000000008010e78                __fsym_list_event_desc
 .rodata.__fsym_list_mutex_name
                0x0000000008010e90        0xc build/components/finsh/libfinsh.a(cmd.o)
                0x0000000008010e90                __fsym_list_mutex_name
 .rodata.__fsym_list_mutex_desc
                0x0000000008010e9c       0x18 build/components/finsh/libfinsh.a(cmd.o)
                0x0000000008010e9c                __fsym_list_mutex_desc
 .rodata.__fsym_list_mailbox_name
                0x0000000008010eb4       0x10 build/components/finsh/libfinsh.a(cmd.o)
                0x0000000008010eb4                __fsym_list_mailbox_name
 .rodata.__fsym_list_mailbox_desc
                0x0000000008010ec4       0x18 build/components/finsh/libfinsh.a(cmd.o)
                0x0000000008010ec4                __fsym_list_mailbox_desc
 .rodata.__fsym_list_msgqueue_name
                0x0000000008010edc       0x10 build/components/finsh/libfinsh.a(cmd.o)
                0x0000000008010edc                __fsym_list_msgqueue_name
 .rodata.__fsym_list_msgqueue_desc
                0x0000000008010eec       0x20 build/components/finsh/libfinsh.a(cmd.o)
                0x0000000008010eec                __fsym_list_msgqueue_desc
 .rodata.__fsym_list_mempool_name
                0x0000000008010f0c       0x10 build/components/finsh/libfinsh.a(cmd.o)
                0x0000000008010f0c                __fsym_list_mempool_name
 .rodata.__fsym_list_mempool_desc
                0x0000000008010f1c       0x1c build/components/finsh/libfinsh.a(cmd.o)
                0x0000000008010f1c                __fsym_list_mempool_desc
 .rodata.__fsym_list_timer_name
                0x0000000008010f38        0xc build/components/finsh/libfinsh.a(cmd.o)
                0x0000000008010f38                __fsym_list_timer_name
 .rodata.__fsym_list_timer_desc
                0x0000000008010f44       0x18 build/components/finsh/libfinsh.a(cmd.o)
                0x0000000008010f44                __fsym_list_timer_desc
 .rodata.__fsym_list_device_name
                0x0000000008010f5c        0xc build/components/finsh/libfinsh.a(cmd.o)
                0x0000000008010f5c                __fsym_list_device_name
 .rodata.__fsym_list_device_desc
                0x0000000008010f68       0x18 build/components/finsh/libfinsh.a(cmd.o)
                0x0000000008010f68                __fsym_list_device_desc
 .rodata.__fsym_list_name
                0x0000000008010f80        0x8 build/components/finsh/libfinsh.a(cmd.o)
                0x0000000008010f80                __fsym_list_name
 .rodata.__fsym_list_desc
                0x0000000008010f88       0x1c build/components/finsh/libfinsh.a(cmd.o)
                0x0000000008010f88                __fsym_list_desc
 .rodata.__vsym_dummy_name
                0x0000000008010fa4        0x8 build/components/finsh/libfinsh.a(cmd.o)
                0x0000000008010fa4                __vsym_dummy_name
 .rodata.__vsym_dummy_desc
                0x0000000008010fac       0x1c build/components/finsh/libfinsh.a(cmd.o)
                0x0000000008010fac                __vsym_dummy_desc
 .rodata.C.10.2454
                0x0000000008010fc8       0x30 build/components/finsh/libfinsh.a(cmd.o)
 .rodata.__FUNCTION__.2221
                0x0000000008010ff8       0x14 build/components/finsh/libfinsh.a(shell.o)
 .rodata.__FUNCTION__.2205
                0x000000000801100c       0x10 build/components/finsh/libfinsh.a(shell.o)
 .rodata.op_table
                0x000000000801101c       0xc4 build/components/finsh/libfinsh.a(finsh_ops.o)
                0x000000000801101c                op_table
 .rodata.finsh_name_table
                0x00000000080110e0       0x40 build/components/finsh/libfinsh.a(finsh_token.o)
 .rodata.__spm  0x0000000008011120       0x1c build/components/libc/minilibc/time.o
                0x0000000008011120                __spm
 .rodata.days   0x000000000801113c       0x20 build/components/libc/minilibc/time.o
 .rodata.months
                0x000000000801115c       0x34 build/components/libc/minilibc/time.o
 *(.glue_7)
 .glue_7        0x0000000000000000        0x0 linker stubs
 *(.glue_7t)
 .glue_7t       0x0000000000000000        0x0 linker stubs
 *(.gnu.linkonce.t*)
                0x0000000008011190                . = ALIGN (0x4)
                0x0000000008011190                __fsymtab_start = .
 *(FSymTab)
 FSymTab        0x0000000008011190       0x24 build/bsp/rtc.o
                0x0000000008011190                __fsym_set_date
                0x000000000801119c                __fsym_set_time
                0x00000000080111a8                __fsym_list_date
 FSymTab        0x00000000080111b4        0xc build/bsp/led.o
                0x00000000080111b4                __fsym_led
 FSymTab        0x00000000080111c0        0xc build/src/mem.o
                0x00000000080111c0                __fsym_list_mem
 FSymTab        0x00000000080111cc       0x90 build/components/finsh/libfinsh.a(cmd.o)
                0x00000000080111cc                __fsym_hello
                0x00000000080111d8                __fsym_version
                0x00000000080111e4                __fsym_list_thread
                0x00000000080111f0                __fsym_list_sem
                0x00000000080111fc                __fsym_list_event
                0x0000000008011208                __fsym_list_mutex
                0x0000000008011214                __fsym_list_mailbox
                0x0000000008011220                __fsym_list_msgqueue
                0x000000000801122c                __fsym_list_mempool
                0x0000000008011238                __fsym_list_timer
                0x0000000008011244                __fsym_list_device
                0x0000000008011250                __fsym_list
                0x000000000801125c                __fsymtab_end = .
                0x000000000801125c                . = ALIGN (0x4)
                0x000000000801125c                __vsymtab_start = .
 *(VSymTab)
 VSymTab        0x000000000801125c       0x10 build/components/finsh/libfinsh.a(cmd.o)
                0x000000000801125c                __vsym_dummy
                0x000000000801126c                __vsymtab_end = .
                0x000000000801126c                . = ALIGN (0x4)
                0x000000000801126c                . = ALIGN (0x4)
                0x000000000801126c                _etext = .
                0x000000000801126c                __exidx_start = .

.vfp11_veneer   0x000000000801126c        0x0
 .vfp11_veneer  0x0000000000000000        0x0 linker stubs

.v4_bx          0x000000000801126c        0x0
 .v4_bx         0x0000000000000000        0x0 linker stubs

.ARM.exidx      0x000000000801126c        0x0
 *(.ARM.exidx* .gnu.linkonce.armexidx.*)
                0x000000000801126c                _sidata = .
                0x000000000801126c                __exidx_end = .

.data           0x0000000020000000       0xf0 load address 0x000000000801126c
                0x0000000020000000                . = ALIGN (0x4)
                0x0000000020000000                _sdata = .
 *(.data)
 *(.data.*)
 .data.uart1    0x0000000020000000        0xc build/bsp/usart.o
                0x0000000020000000                uart1
 .data.rt_object_container
                0x000000002000000c       0x90 build/src/object.o
                0x000000002000000c                rt_object_container
 .data.finsh_error_string_table
                0x000000002000009c       0x3c build/components/finsh/libfinsh.a(finsh_error.o)
 .data.SystemCoreClock
                0x00000000200000d8        0x4 build/bsp/Libraries/CMSIS/CM3/DeviceSupport/ST/STM32F10x/system_stm32f10x.o
                0x00000000200000d8                SystemCoreClock
 .data.APBAHBPrescTable
                0x00000000200000dc       0x10 build/bsp/Libraries/STM32F10x_StdPeriph_Driver/src/stm32f10x_rcc.o
 .data.ADCPrescTable
                0x00000000200000ec        0x4 build/bsp/Libraries/STM32F10x_StdPeriph_Driver/src/stm32f10x_rcc.o
 *(.gnu.linkonce.d*)
                0x00000000200000f0                . = ALIGN (0x4)
                0x00000000200000f0                _edata = .

.stack          0x00000000200000f0      0x100 load address 0x000000000801135c
                0x00000000200001f0                . = (. + _system_stack_size)
 *fill*         0x00000000200000f0      0x100 00
                0x00000000200001f0                . = ALIGN (0x4)
                0x00000000200001f0                _estack = .
                0x00000000200001f0                __bss_start = .

.bss            0x00000000200001f0     0x13f0 load address 0x000000000801145c
                0x00000000200001f0                . = ALIGN (0x4)
                0x00000000200001f0                _sbss = .
 *(.bss)
 *(.bss.*)
 .bss.led_stack
                0x00000000200001f0      0x200 build/bsp/application.o
 .bss.led_thread
                0x00000000200003f0       0x80 build/bsp/application.o
 .bss.rtc       0x0000000020000470       0x40 build/bsp/rtc.o
 .bss.led_inited
                0x00000000200004b0        0x1 build/bsp/led.o
 *fill*         0x00000000200004b1        0x1 00
 .bss.rt_scheduler_lock_nest
                0x00000000200004b2        0x2 build/src/scheduler.o
 .bss.rt_scheduler_hook
                0x00000000200004b4        0x4 build/src/scheduler.o
 .bss.rt_timer_list
                0x00000000200004b8        0x8 build/src/timer.o
 .bss.rt_timer_timeout_hook
                0x00000000200004c0        0x4 build/src/timer.o
 .bss._errno    0x00000000200004c4        0x4 build/src/kservice.o
 .bss._console_device
                0x00000000200004c8        0x4 build/src/kservice.o
 .bss.rt_log_buf.2664
                0x00000000200004cc       0x80 build/src/kservice.o
 .bss.rt_tick   0x000000002000054c        0x4 build/src/clock.o
 .bss.rt_object_attach_hook
                0x0000000020000550        0x4 build/src/object.o
 .bss.rt_object_detach_hook
                0x0000000020000554        0x4 build/src/object.o
 .bss.rt_mp_alloc_hook
                0x0000000020000558        0x4 build/src/mempool.o
 .bss.idle      0x000000002000055c       0x80 build/src/idle.o
 .bss.rt_thread_stack
                0x00000000200005dc      0x100 build/src/idle.o
 .bss.rt_thread_idle_hook
                0x00000000200006dc        0x4 build/src/idle.o
 .bss.rt_malloc_hook
                0x00000000200006e0        0x4 build/src/mem.o
 .bss.rt_free_hook
                0x00000000200006e4        0x4 build/src/mem.o
 .bss.heap_ptr  0x00000000200006e8        0x4 build/src/mem.o
 .bss.heap_end  0x00000000200006ec        0x4 build/src/mem.o
 .bss.lfree     0x00000000200006f0        0x4 build/src/mem.o
 .bss.heap_sem  0x00000000200006f4       0x20 build/src/mem.o
 .bss.mem_size_aligned
                0x0000000020000714        0x4 build/src/mem.o
 .bss.used_mem  0x0000000020000718        0x4 build/src/mem.o
 .bss.max_mem   0x000000002000071c        0x4 build/src/mem.o
 .bss.dummy     0x0000000020000720        0x4 build/components/finsh/libfinsh.a(cmd.o)
 .bss.global_syscall_list
                0x0000000020000724        0x4 build/components/finsh/libfinsh.a(finsh_vm.o)
                0x0000000020000724                global_syscall_list
 .bss.finsh_thread
                0x0000000020000728       0x80 build/components/finsh/libfinsh.a(shell.o)
 .bss.finsh_thread_stack
                0x00000000200007a8      0x800 build/components/finsh/libfinsh.a(shell.o)
 .bss._syscall_table_begin
                0x0000000020000fa8        0x4 build/components/finsh/libfinsh.a(symbol.o)
                0x0000000020000fa8                _syscall_table_begin
 .bss._syscall_table_end
                0x0000000020000fac        0x4 build/components/finsh/libfinsh.a(symbol.o)
                0x0000000020000fac                _syscall_table_end
 .bss._sysvar_table_begin
                0x0000000020000fb0        0x4 build/components/finsh/libfinsh.a(symbol.o)
                0x0000000020000fb0                _sysvar_table_begin
 .bss._sysvar_table_end
                0x0000000020000fb4        0x4 build/components/finsh/libfinsh.a(symbol.o)
                0x0000000020000fb4                _sysvar_table_end
 .bss.free_list
                0x0000000020000fb8        0x4 build/components/finsh/libfinsh.a(finsh_heap.o)
 .bss.allocate_list
                0x0000000020000fbc        0x4 build/components/finsh/libfinsh.a(finsh_heap.o)
 .bss.timezone  0x0000000020000fc0        0x4 build/components/libc/minilibc/time.o
 .bss.buf.2236  0x0000000020000fc4       0x1c build/components/libc/minilibc/time.o
 .bss.tmp.2046  0x0000000020000fe0       0x2c build/components/libc/minilibc/time.o
 *(COMMON)
 COMMON         0x000000002000100c       0x88 build/bsp/usart.o
                0x000000002000100c                uart1_int_rx
                0x0000000020001054                uart1_device
 COMMON         0x0000000020001094      0x114 build/src/scheduler.o
                0x0000000020001094                rt_thread_priority_table
                0x0000000020001194                rt_current_priority
                0x0000000020001198                rt_current_thread
                0x000000002000119c                rt_thread_ready_priority_group
                0x00000000200011a0                rt_thread_defunct
 COMMON         0x00000000200011a8        0x1 build/src/irq.o
                0x00000000200011a8                rt_interrupt_nest
 *fill*         0x00000000200011a9        0x3 00
 COMMON         0x00000000200011ac        0xc build/src/object.o
                0x00000000200011ac                rt_object_put_hook
                0x00000000200011b0                rt_object_take_hook
                0x00000000200011b4                rt_object_trytake_hook
 COMMON         0x00000000200011b8        0xc build/libcpu/arm/cortex-m3/cpuport.o
                0x00000000200011b8                rt_interrupt_to_thread
                0x00000000200011bc                rt_interrupt_from_thread
                0x00000000200011c0                rt_thread_switch_interrupt_flag
 COMMON         0x00000000200011c4       0xc4 build/components/finsh/libfinsh.a(finsh_var.o)
                0x00000000200011c4                global_sysvar_list
                0x00000000200011c8                global_variable
 COMMON         0x0000000020001288      0x188 build/components/finsh/libfinsh.a(finsh_vm.o)
                0x0000000020001288                text_segment
                0x0000000020001308                finsh_vm_stack
                0x0000000020001408                finsh_pc
                0x000000002000140c                finsh_sp
 COMMON         0x0000000020001410        0x4 build/components/finsh/libfinsh.a(shell.o)
                0x0000000020001410                shell
 COMMON         0x0000000020001414        0x8 build/components/finsh/libfinsh.a(finsh_compiler.o)
                0x0000000020001414                finsh_compile_pc
                0x0000000020001418                finsh_compile_sp
 COMMON         0x000000002000141c        0x1 build/components/finsh/libfinsh.a(finsh_error.o)
                0x000000002000141c                global_errno
 *fill*         0x000000002000141d        0x3 00
 COMMON         0x0000000020001420      0x140 build/components/finsh/libfinsh.a(finsh_node.o)
                0x0000000020001420                global_node_table
 COMMON         0x0000000020001560       0x80 build/components/finsh/libfinsh.a(finsh_heap.o)
                0x0000000020001560                finsh_heap
                0x00000000200015e0                . = ALIGN (0x4)
                0x00000000200015e0                _ebss = .
 *(.bss.init)
                0x00000000200015e0                __bss_end = .
                0x00000000200015e0                _end = .

.stab
 *(.stab)

.stabstr
 *(.stabstr)

.stab.excl
 *(.stab.excl)

.stab.exclstr
 *(.stab.exclstr)

.stab.index
 *(.stab.index)

.stab.indexstr
 *(.stab.indexstr)

.ARM.attributes
                0x0000000000000000       0x2f
 .ARM.attributes
                0x0000000000000000       0x31 build/bsp/application.o
 .ARM.attributes
                0x0000000000000031       0x31 build/bsp/startup.o
 .ARM.attributes
                0x0000000000000062       0x31 build/bsp/board.o
 .ARM.attributes
                0x0000000000000093       0x31 build/bsp/stm32f10x_it.o
 .ARM.attributes
                0x00000000000000c4       0x31 build/bsp/rtc.o
 .ARM.attributes
                0x00000000000000f5       0x31 build/bsp/usart.o
 .ARM.attributes
                0x0000000000000126       0x31 build/bsp/serial.o
 .ARM.attributes
                0x0000000000000157       0x31 build/bsp/led.o
 .ARM.attributes
                0x0000000000000188       0x31 build/src/device.o
 .ARM.attributes
                0x00000000000001b9       0x31 build/src/thread.o
 .ARM.attributes
                0x00000000000001ea       0x31 build/src/scheduler.o
 .ARM.attributes
                0x000000000000021b       0x31 build/src/timer.o
 .ARM.attributes
                0x000000000000024c       0x31 build/src/irq.o
 .ARM.attributes
                0x000000000000027d       0x31 build/src/kservice.o
 .ARM.attributes
                0x00000000000002ae       0x31 build/src/clock.o
 .ARM.attributes
                0x00000000000002df       0x31 build/src/object.o
 .ARM.attributes
                0x0000000000000310       0x31 build/src/mempool.o
 .ARM.attributes
                0x0000000000000341       0x31 build/src/ipc.o
 .ARM.attributes
                0x0000000000000372       0x31 build/src/idle.o
 .ARM.attributes
                0x00000000000003a3       0x31 build/src/mem.o
 .ARM.attributes
                0x00000000000003d4       0x31 build/libcpu/arm/cortex-m3/cpuport.o
 .ARM.attributes
                0x0000000000000405       0x21 build/libcpu/arm/cortex-m3/context_gcc.o
 .ARM.attributes
                0x0000000000000426       0x21 build/libcpu/arm/cortex-m3/start_gcc.o
 .ARM.attributes
                0x0000000000000447       0x31 build/libcpu/arm/common/backtrace.o
 .ARM.attributes
                0x0000000000000478       0x31 build/libcpu/arm/common/div0.o
 .ARM.attributes
                0x00000000000004a9       0x31 build/libcpu/arm/common/showmem.o
 .ARM.attributes
                0x00000000000004da       0x31 build/components/finsh/libfinsh.a(cmd.o)
 .ARM.attributes
                0x000000000000050b       0x31 build/components/finsh/libfinsh.a(finsh_var.o)
 .ARM.attributes
                0x000000000000053c       0x31 build/components/finsh/libfinsh.a(finsh_vm.o)
 .ARM.attributes
                0x000000000000056d       0x31 build/components/finsh/libfinsh.a(shell.o)
 .ARM.attributes
                0x000000000000059e       0x31 build/components/finsh/libfinsh.a(symbol.o)
 .ARM.attributes
                0x00000000000005cf       0x31 build/components/finsh/libfinsh.a(finsh_compiler.o)
 .ARM.attributes
                0x0000000000000600       0x31 build/components/finsh/libfinsh.a(finsh_error.o)
 .ARM.attributes
                0x0000000000000631       0x31 build/components/finsh/libfinsh.a(finsh_init.o)
 .ARM.attributes
                0x0000000000000662       0x31 build/components/finsh/libfinsh.a(finsh_node.o)
 .ARM.attributes
                0x0000000000000693       0x31 build/components/finsh/libfinsh.a(finsh_ops.o)
 .ARM.attributes
                0x00000000000006c4       0x31 build/components/finsh/libfinsh.a(finsh_parser.o)
 .ARM.attributes
                0x00000000000006f5       0x31 build/components/finsh/libfinsh.a(finsh_token.o)
 .ARM.attributes
                0x0000000000000726       0x31 build/components/finsh/libfinsh.a(finsh_heap.o)
 .ARM.attributes
                0x0000000000000757       0x31 build/components/libc/minilibc/ctype.o
 .ARM.attributes
                0x0000000000000788       0x31 build/components/libc/minilibc/math.o
 .ARM.attributes
                0x00000000000007b9       0x31 build/components/libc/minilibc/qsort.o
 .ARM.attributes
                0x00000000000007ea       0x31 build/components/libc/minilibc/rand.o
 .ARM.attributes
                0x000000000000081b       0x31 build/components/libc/minilibc/stdlib.o
 .ARM.attributes
                0x000000000000084c       0x31 build/components/libc/minilibc/string.o
 .ARM.attributes
                0x000000000000087d       0x31 build/components/libc/minilibc/time.o
 .ARM.attributes
                0x00000000000008ae       0x31 build/bsp/Libraries/CMSIS/CM3/CoreSupport/core_cm3.o
 .ARM.attributes
                0x00000000000008df       0x31 build/bsp/Libraries/CMSIS/CM3/DeviceSupport/ST/STM32F10x/system_stm32f10x.o
 .ARM.attributes
                0x0000000000000910       0x31 build/bsp/Libraries/STM32F10x_StdPeriph_Driver/src/stm32f10x_crc.o
 .ARM.attributes
                0x0000000000000941       0x31 build/bsp/Libraries/STM32F10x_StdPeriph_Driver/src/stm32f10x_rcc.o
 .ARM.attributes
                0x0000000000000972       0x31 build/bsp/Libraries/STM32F10x_StdPeriph_Driver/src/stm32f10x_wwdg.o
 .ARM.attributes
                0x00000000000009a3       0x31 build/bsp/Libraries/STM32F10x_StdPeriph_Driver/src/stm32f10x_pwr.o
 .ARM.attributes
                0x00000000000009d4       0x31 build/bsp/Libraries/STM32F10x_StdPeriph_Driver/src/stm32f10x_exti.o
 .ARM.attributes
                0x0000000000000a05       0x31 build/bsp/Libraries/STM32F10x_StdPeriph_Driver/src/stm32f10x_bkp.o
 .ARM.attributes
                0x0000000000000a36       0x31 build/bsp/Libraries/STM32F10x_StdPeriph_Driver/src/stm32f10x_i2c.o
 .ARM.attributes
                0x0000000000000a67       0x31 build/bsp/Libraries/STM32F10x_StdPeriph_Driver/src/stm32f10x_adc.o
 .ARM.attributes
                0x0000000000000a98       0x31 build/bsp/Libraries/STM32F10x_StdPeriph_Driver/src/stm32f10x_dac.o
 .ARM.attributes
                0x0000000000000ac9       0x31 build/bsp/Libraries/STM32F10x_StdPeriph_Driver/src/stm32f10x_rtc.o
 .ARM.attributes
                0x0000000000000afa       0x31 build/bsp/Libraries/STM32F10x_StdPeriph_Driver/src/stm32f10x_fsmc.o
 .ARM.attributes
                0x0000000000000b2b       0x31 build/bsp/Libraries/STM32F10x_StdPeriph_Driver/src/stm32f10x_tim.o
 .ARM.attributes
                0x0000000000000b5c       0x31 build/bsp/Libraries/STM32F10x_StdPeriph_Driver/src/stm32f10x_iwdg.o
 .ARM.attributes
                0x0000000000000b8d       0x31 build/bsp/Libraries/STM32F10x_StdPeriph_Driver/src/stm32f10x_spi.o
 .ARM.attributes
                0x0000000000000bbe       0x31 build/bsp/Libraries/STM32F10x_StdPeriph_Driver/src/stm32f10x_flash.o
 .ARM.attributes
                0x0000000000000bef       0x31 build/bsp/Libraries/STM32F10x_StdPeriph_Driver/src/stm32f10x_sdio.o
 .ARM.attributes
                0x0000000000000c20       0x31 build/bsp/Libraries/STM32F10x_StdPeriph_Driver/src/stm32f10x_gpio.o
 .ARM.attributes
                0x0000000000000c51       0x31 build/bsp/Libraries/STM32F10x_StdPeriph_Driver/src/stm32f10x_usart.o
 .ARM.attributes
                0x0000000000000c82       0x31 build/bsp/Libraries/STM32F10x_StdPeriph_Driver/src/stm32f10x_dbgmcu.o
 .ARM.attributes
                0x0000000000000cb3       0x31 build/bsp/Libraries/STM32F10x_StdPeriph_Driver/src/stm32f10x_dma.o
 .ARM.attributes